Archive member included because of file (symbol)

libbb/lib.a(appletlib.o)      /mnt/sdb/netcore_1.3_spi/sdk-store/rtl819x-sdk-v2.5/rtl819x/toolchain/rsdk-1.3.6-5281-EB-2.6.30-0.9.30/lib/crt1.o (main)
libbb/lib.a(bb_basename.o)    libbb/lib.a(appletlib.o) (bb_basename)
libbb/lib.a(default_error_retval.o)
                              libbb/lib.a(appletlib.o) (xfunc_error_retval)
libbb/lib.a(full_write.o)     libbb/lib.a(appletlib.o) (full_write)
libbb/lib.a(get_last_path_component.o)
                              libbb/lib.a(appletlib.o) (bb_get_last_path_component_nostrip)
libbb/lib.a(last_char_is.o)   libbb/lib.a(get_last_path_component.o) (last_char_is)
libbb/lib.a(messages.o)       libbb/lib.a(appletlib.o) (bb_banner)
libbb/lib.a(ptr_to_globals.o)
                              libbb/lib.a(appletlib.o) (bb_errno)
libbb/lib.a(safe_write.o)     libbb/lib.a(full_write.o) (safe_write)
libbb/lib.a(xfunc_die.o)      libbb/lib.a(appletlib.o) (xfunc_die)
networking/lib.a(hostname.o)  libbb/lib.a(appletlib.o) (hostname_main)
networking/lib.a(ifconfig.o)  libbb/lib.a(appletlib.o) (ifconfig_main)
networking/lib.a(interface.o)
                              networking/lib.a(ifconfig.o) (display_interfaces)
networking/lib.a(ip.o)        libbb/lib.a(appletlib.o) (ip_main)
networking/lib.a(ping.o)      libbb/lib.a(appletlib.o) (ping_main)
networking/lib.a(route.o)     libbb/lib.a(appletlib.o) (route_main)
networking/libiproute/lib.a(ip_parse_common_args.o)
                              networking/lib.a(ip.o) (ip_parse_common_args)
networking/libiproute/lib.a(iptunnel.o)
                              networking/lib.a(ip.o) (do_iptunnel)
networking/libiproute/lib.a(rt_names.o)
                              networking/libiproute/lib.a(iptunnel.o) (rtnl_dsfield_n2a)
networking/libiproute/lib.a(utils.o)
                              networking/libiproute/lib.a(iptunnel.o) (get_unsigned)
procps/lib.a(free.o)          libbb/lib.a(appletlib.o) (free_main)
procps/lib.a(kill.o)          libbb/lib.a(appletlib.o) (kill_main)
procps/lib.a(ps.o)            libbb/lib.a(appletlib.o) (ps_main)
procps/lib.a(renice.o)        libbb/lib.a(appletlib.o) (renice_main)
shell/lib.a(ash.o)            libbb/lib.a(appletlib.o) (ash_main)
shell/lib.a(ash_ptr_hack.o)   shell/lib.a(ash.o) (ash_ptr_to_globals_misc)
sysklogd/lib.a(klogd.o)       libbb/lib.a(appletlib.o) (klogd_main)
sysklogd/lib.a(syslogd_and_logger.o)
                              libbb/lib.a(appletlib.o) (syslogd_main)
util-linux/lib.a(mount.o)     libbb/lib.a(appletlib.o) (mount_main)
util-linux/lib.a(umount.o)    libbb/lib.a(appletlib.o) (umount_main)
archival/lib.a(bbunzip.o)     libbb/lib.a(appletlib.o) (bunzip2_main)
archival/libunarchive/lib.a(decompress_bunzip2.o)
                              archival/lib.a(bbunzip.o) (unpack_bz2_stream_prime)
coreutils/lib.a(cat.o)        libbb/lib.a(appletlib.o) (cat_main)
coreutils/lib.a(cp.o)         libbb/lib.a(appletlib.o) (cp_main)
coreutils/lib.a(cut.o)        libbb/lib.a(appletlib.o) (cut_main)
coreutils/lib.a(date.o)       libbb/lib.a(appletlib.o) (date_main)
coreutils/lib.a(echo.o)       libbb/lib.a(appletlib.o) (echo_main)
coreutils/lib.a(expr.o)       libbb/lib.a(appletlib.o) (expr_main)
coreutils/lib.a(false.o)      libbb/lib.a(appletlib.o) (false_main)
coreutils/lib.a(head.o)       libbb/lib.a(appletlib.o) (head_main)
coreutils/lib.a(ln.o)         libbb/lib.a(appletlib.o) (ln_main)
coreutils/lib.a(ls.o)         libbb/lib.a(appletlib.o) (ls_main)
coreutils/lib.a(mkdir.o)      libbb/lib.a(appletlib.o) (mkdir_main)
coreutils/lib.a(printf.o)     shell/lib.a(ash.o) (printf_main)
coreutils/lib.a(rm.o)         libbb/lib.a(appletlib.o) (rm_main)
coreutils/lib.a(sleep.o)      libbb/lib.a(appletlib.o) (sleep_main)
coreutils/lib.a(tail.o)       libbb/lib.a(appletlib.o) (tail_main)
coreutils/lib.a(test.o)       shell/lib.a(ash.o) (test_main)
coreutils/lib.a(test_ptr_hack.o)
                              coreutils/lib.a(test.o) (test_ptr_to_statics)
coreutils/lib.a(true.o)       libbb/lib.a(appletlib.o) (true_main)
coreutils/lib.a(wc.o)         libbb/lib.a(appletlib.o) (wc_main)
coreutils/libcoreutils/lib.a(cp_mv_stat.o)
                              coreutils/lib.a(cp.o) (cp_mv_stat2)
findutils/lib.a(grep.o)       libbb/lib.a(appletlib.o) (grep_main)
init/lib.a(halt.o)            libbb/lib.a(appletlib.o) (halt_main)
init/lib.a(init.o)            libbb/lib.a(appletlib.o) (init_main)
libbb/lib.a(bb_strtonum.o)    networking/libiproute/lib.a(rt_names.o) (bb_strtoul)
libbb/lib.a(compare_string_array.o)
                              networking/libiproute/lib.a(ip_parse_common_args.o) (index_in_strings)
libbb/lib.a(concat_path_file.o)
                              coreutils/lib.a(cp.o) (concat_path_file)
libbb/lib.a(copy_file.o)      coreutils/lib.a(cp.o) (copy_file)
libbb/lib.a(copyfd.o)         coreutils/lib.a(tail.o) (bb_copyfd_size)
libbb/lib.a(crc32.o)          archival/libunarchive/lib.a(decompress_bunzip2.o) (crc32_filltable)
[...]
Memory Configuration

Name             Origin             Length             Attributes
*default*        0x0000000000000000 0xffffffffffffffff

Linker script and memory map

LOAD /mnt/sdb/netcore_1.3_spi/sdk-store/rtl819x-sdk-v2.5/rtl819x/toolchain/rsdk-1.3.6-5281-EB-2.6.30-0.9.30/lib/crti.o
LOAD /mnt/sdb/netcore_1.3_spi/sdk-store/rtl819x-sdk-v2.5/rtl819x/toolchain/rsdk-1.3.6-5281-EB-2.6.30-0.9.30/lib/crt1.o
LOAD /mnt/sdb/netcore_1.3_spi/sdk-store/rtl819x-sdk-v2.5/rtl819x/toolchain/rsdk-1.3.6-5281-EB-2.6.30-0.9.30/lib/crtbeginS.o
START GROUP
LOAD applets/built-in.o
LOAD archival/lib.a
LOAD archival/libunarchive/lib.a
LOAD console-tools/lib.a
LOAD coreutils/lib.a
LOAD coreutils/libcoreutils/lib.a
LOAD debianutils/lib.a
LOAD e2fsprogs/lib.a
LOAD editors/lib.a
LOAD findutils/lib.a
LOAD init/lib.a
LOAD libbb/lib.a
LOAD libpwdgrp/lib.a
LOAD loginutils/lib.a
LOAD mailutils/lib.a
LOAD miscutils/lib.a
LOAD modutils/lib.a
LOAD networking/lib.a
LOAD networking/libiproute/lib.a
LOAD networking/udhcp/lib.a
LOAD printutils/lib.a
LOAD procps/lib.a
LOAD runit/lib.a
LOAD selinux/lib.a
LOAD shell/lib.a
LOAD sysklogd/lib.a
LOAD util-linux/lib.a
LOAD util-linux/volume_id/lib.a
LOAD archival/built-in.o
LOAD archival/libunarchive/built-in.o
LOAD console-tools/built-in.o
LOAD coreutils/built-in.o
LOAD coreutils/libcoreutils/built-in.o
LOAD debianutils/built-in.o
LOAD e2fsprogs/built-in.o
LOAD editors/built-in.o
LOAD findutils/built-in.o
LOAD init/built-in.o
LOAD libbb/built-in.o
LOAD libpwdgrp/built-in.o
LOAD loginutils/built-in.o
LOAD mailutils/built-in.o
LOAD miscutils/built-in.o
LOAD modutils/built-in.o
LOAD networking/built-in.o
LOAD networking/libiproute/built-in.o
LOAD networking/udhcp/built-in.o
LOAD printutils/built-in.o
LOAD procps/built-in.o
LOAD runit/built-in.o
LOAD selinux/built-in.o
LOAD shell/built-in.o
LOAD sysklogd/built-in.o
LOAD util-linux/built-in.o
LOAD util-linux/volume_id/built-in.o
LOAD /mnt/sdb/netcore_1.3_spi/sdk-store/rtl819x-sdk-v2.5/rtl819x/toolchain/rsdk-1.3.6-5281-EB-2.6.30-0.9.30/lib/libc.so
START GROUP
LOAD /mnt/sdb/netcore_1.3_spi/sdk-store/rtl819x-sdk-v2.5/rtl819x/toolchain/rsdk-1.3.6-5281-EB-2.6.30-0.9.30/lib/libc.so.0
LOAD /mnt/sdb/netcore_1.3_spi/sdk-store/rtl819x-sdk-v2.5/rtl819x/toolchain/rsdk-1.3.6-5281-EB-2.6.30-0.9.30/lib/uclibc_nonshared.a
LOAD /mnt/sdb/netcore_1.3_spi/sdk-store/rtl819x-sdk-v2.5/rtl819x/toolchain/rsdk-1.3.6-5281-EB-2.6.30-0.9.30/lib/ld-uClibc.so.0
END GROUP
START GROUP
LOAD /mnt/sdb/netcore_1.3_spi/sdk-store/rtl819x-sdk-v2.5/rtl819x/toolchain/rsdk-1.3.6-5281-EB-2.6.30-0.9.30/lib/libc.so.0
LOAD /mnt/sdb/netcore_1.3_spi/sdk-store/rtl819x-sdk-v2.5/rtl819x/toolchain/rsdk-1.3.6-5281-EB-2.6.30-0.9.30/lib/uclibc_nonshared.a
LOAD /mnt/sdb/netcore_1.3_spi/sdk-store/rtl819x-sdk-v2.5/rtl819x/toolchain/rsdk-1.3.6-5281-EB-2.6.30-0.9.30/lib/ld-uClibc.so.0
END GROUP
START GROUP
LOAD /mnt/sdb/netcore_1.3_spi/sdk-store/rtl819x-sdk-v2.5/rtl819x/toolchain/rsdk-1.3.6-5281-EB-2.6.30-0.9.30/lib/libc.so.0
LOAD /mnt/sdb/netcore_1.3_spi/sdk-store/rtl819x-sdk-v2.5/rtl819x/toolchain/rsdk-1.3.6-5281-EB-2.6.30-0.9.30/lib/uclibc_nonshared.a
LOAD /mnt/sdb/netcore_1.3_spi/sdk-store/rtl819x-sdk-v2.5/rtl819x/toolchain/rsdk-1.3.6-5281-EB-2.6.30-0.9.30/lib/ld-uClibc.so.0
END GROUP
LOAD /mnt/sdb/netcore_1.3_spi/sdk-store/rtl819x-sdk-v2.5/rtl819x/toolchain/rsdk-1.3.6-5281-EB-2.6.30-0.9.30/lib/libgcc.so
END GROUP
LOAD /mnt/sdb/netcore_1.3_spi/sdk-store/rtl819x-sdk-v2.5/rtl819x/toolchain/rsdk-1.3.6-5281-EB-2.6.30-0.9.30/lib/crtendS.o
LOAD /mnt/sdb/netcore_1.3_spi/sdk-store/rtl819x-sdk-v2.5/rtl819x/toolchain/rsdk-1.3.6-5281-EB-2.6.30-0.9.30/lib/crtn.o
                0x0000000000400000                PROVIDE (__executable_start, 0x400000)
                0x00000000004000f4                . = (0x400000 + SIZEOF_HEADERS)

.interp         0x00000000004000f4       0x14
 *(SORT(.interp))
 .interp        0x00000000004000f4       0x14 /mnt/sdb/netcore_1.3_spi/sdk-store/rtl819x-sdk-v2.5/rtl819x/toolchain/rsdk-1.3.6-5281-EB-2.6.30-0.9.30/lib/crt1.o

.reginfo
 *(SORT(.reginfo))

.dynamic        0x0000000000400108       0xf8
 *(SORT(.dynamic))
 .dynamic       0x0000000000400108       0xf8 /mnt/sdb/netcore_1.3_spi/sdk-store/rtl819x-sdk-v2.5/rtl819x/toolchain/rsdk-1.3.6-5281-EB-2.6.30-0.9.30/lib/crt1.o
                0x0000000000400108                _DYNAMIC

.hash           0x0000000000400200      0xc30
 *(SORT(.hash))
 .hash          0x0000000000400200      0xc30 /mnt/sdb/netcore_1.3_spi/sdk-store/rtl819x-sdk-v2.5/rtl819x/toolchain/rsdk-1.3.6-5281-EB-2.6.30-0.9.30/lib/crt1.o

.dynsym         0x0000000000400e30     0x2030
 *(SORT(.dynsym))
 .dynsym        0x0000000000400e30     0x2030 /mnt/sdb/netcore_1.3_spi/sdk-store/rtl819x-sdk-v2.5/rtl819x/toolchain/rsdk-1.3.6-5281-EB-2.6.30-0.9.30/lib/crt1.o

.dynstr         0x0000000000402e60     0x15ac
 *(SORT(.dynstr))
 .dynstr        0x0000000000402e60     0x15ac /mnt/sdb/netcore_1.3_spi/sdk-store/rtl819x-sdk-v2.5/rtl819x/toolchain/rsdk-1.3.6-5281-EB-2.6.30-0.9.30/lib/crt1.o

.gnu.version    0x000000000040440c      0x406
 *(SORT(.gnu.version))
 .gnu.version   0x000000000040440c      0x406 /mnt/sdb/netcore_1.3_spi/sdk-store/rtl819x-sdk-v2.5/rtl819x/toolchain/rsdk-1.3.6-5281-EB-2.6.30-0.9.30/lib/crt1.o

.gnu.version_d  0x0000000000404814        0x0
 *(SORT(.gnu.version_d))
 .gnu.version_d
                0x0000000000000000        0x0 /mnt/sdb/netcore_1.3_spi/sdk-store/rtl819x-sdk-v2.5/rtl819x/toolchain/rsdk-1.3.6-5281-EB-2.6.30-0.9.30/lib/crt1.o

.gnu.version_r  0x0000000000404814       0x20
 *(SORT(.gnu.version_r))
 .gnu.version_r
                0x0000000000404814       0x20 /mnt/sdb/netcore_1.3_spi/sdk-store/rtl819x-sdk-v2.5/rtl819x/toolchain/rsdk-1.3.6-5281-EB-2.6.30-0.9.30/lib/crt1.o

.rel.dyn        0x0000000000404834        0x0
 *(SORT(.rel.init))
 *(SORT(.rel.text) .rel.text.* .rel.gnu.linkonce.t.*)
 *(SORT(.rel.fini))
 *(SORT(.rel.rodata) .rel.rodata.* .rel.gnu.linkonce.r.*)
 *(SORT(.rel.data.rel.ro*) .rel.gnu.linkonce.d.rel.ro.*)
 *(SORT(.rel.data) .rel.data.* .rel.gnu.linkonce.d.*)
 *(SORT(.rel.tdata) .rel.tdata.* .rel.gnu.linkonce.td.*)
 *(SORT(.rel.tbss) .rel.tbss.* .rel.gnu.linkonce.tb.*)
 *(SORT(.rel.ctors))
 *(SORT(.rel.dtors))
 *(SORT(.rel.got))
 *(SORT(.rel.sdata) .rel.sdata.* .rel.gnu.linkonce.s.*)
 *(SORT(.rel.sbss) .rel.sbss.* .rel.gnu.linkonce.sb.*)
 *(SORT(.rel.sdata2) .rel.sdata2.* .rel.gnu.linkonce.s2.*)
 *(SORT(.rel.sbss2) .rel.sbss2.* .rel.gnu.linkonce.sb2.*)
 *(SORT(.rel.bss) .rel.bss.* .rel.gnu.linkonce.b.*)
 .rel.dyn       0x0000000000000000        0x0 /mnt/sdb/netcore_1.3_spi/sdk-store/rtl819x-sdk-v2.5/rtl819x/toolchain/rsdk-1.3.6-5281-EB-2.6.30-0.9.30/lib/crt1.o

.rela.dyn
 *(SORT(.rela.init))
 *(SORT(.rela.text) .rela.text.* .rela.gnu.linkonce.t.*)
 *(SORT(.rela.fini))
 *(SORT(.rela.rodata) .rela.rodata.* .rela.gnu.linkonce.r.*)
 *(SORT(.rela.data) .rela.data.* .rela.gnu.linkonce.d.*)
 *(SORT(.rela.tdata) .rela.tdata.* .rela.gnu.linkonce.td.*)
 *(SORT(.rela.tbss) .rela.tbss.* .rela.gnu.linkonce.tb.*)
 *(SORT(.rela.ctors))
 *(SORT(.rela.dtors))
 *(SORT(.rela.got))
 *(SORT(.rela.sdata) .rela.sdata.* .rela.gnu.linkonce.s.*)
 *(SORT(.rela.sbss) .rela.sbss.* .rela.gnu.linkonce.sb.*)
 *(SORT(.rela.sdata2) .rela.sdata2.* .rela.gnu.linkonce.s2.*)
 *(SORT(.rela.sbss2) .rela.sbss2.* .rela.gnu.linkonce.sb2.*)
 *(SORT(.rela.bss) .rela.bss.* .rela.gnu.linkonce.b.*)

.rel.plt
 *(SORT(.rel.plt))

.rela.plt
 *(SORT(.rela.plt))

.init           0x0000000000404834       0x78
 *(SORT(.init))
 .init          0x0000000000404834       0x1c /mnt/sdb/netcore_1.3_spi/sdk-store/rtl819x-sdk-v2.5/rtl819x/toolchain/rsdk-1.3.6-5281-EB-2.6.30-0.9.30/lib/crti.o
                0x0000000000404834                _init
 .init          0x0000000000404850        0xc /mnt/sdb/netcore_1.3_spi/sdk-store/rtl819x-sdk-v2.5/rtl819x/toolchain/rsdk-1.3.6-5281-EB-2.6.30-0.9.30/lib/crtn.o
 .init          0x000000000040485c       0x28 /mnt/sdb/netcore_1.3_spi/sdk-store/rtl819x-sdk-v2.5/rtl819x/toolchain/rsdk-1.3.6-5281-EB-2.6.30-0.9.30/lib/crtbeginS.o
 .init          0x0000000000404884       0x28 /mnt/sdb/netcore_1.3_spi/sdk-store/rtl819x-sdk-v2.5/rtl819x/toolchain/rsdk-1.3.6-5281-EB-2.6.30-0.9.30/lib/crtendS.o

.plt
 *(SORT(.plt))

.text           0x00000000004048b0    0x2e9f8
                0x00000000004048b0                _ftext = .
 *(SORT(.text) .stub .text.* .gnu.linkonce.t.*)
 .text          0x00000000004048b0       0x60 /mnt/sdb/netcore_1.3_spi/sdk-store/rtl819x-sdk-v2.5/rtl819x/toolchain/rsdk-1.3.6-5281-EB-2.6.30-0.9.30/lib/crt1.o
                0x00000000004048b0                __start
 .text          0x0000000000404910      0x150 /mnt/sdb/netcore_1.3_spi/sdk-store/rtl819x-sdk-v2.5/rtl819x/toolchain/rsdk-1.3.6-5281-EB-2.6.30-0.9.30/lib/crtbeginS.o
 .text          0x0000000000404a60       0x70 /mnt/sdb/netcore_1.3_spi/sdk-store/rtl819x-sdk-v2.5/rtl819x/toolchain/rsdk-1.3.6-5281-EB-2.6.30-0.9.30/lib/crtendS.o
 .text.full_write2_str
                0x0000000000404ad0       0x4c libbb/lib.a(appletlib.o)
 .text.applet_name_compare
                0x0000000000404b1c       0x34 libbb/lib.a(appletlib.o)
 .text.find_applet_by_name
                0x0000000000404b50       0x5c libbb/lib.a(appletlib.o)
                0x0000000000404b50                find_applet_by_name
 .text.bb_show_usage
                0x0000000000404bac       0x24 libbb/lib.a(appletlib.o)
                0x0000000000404bac                bb_show_usage
 .text.lbb_prepare
                0x0000000000404bd0       0x4c libbb/lib.a(appletlib.o)
                0x0000000000404bd0                lbb_prepare
 .text.run_applet_no_and_exit
                0x0000000000404c1c       0xe0 libbb/lib.a(appletlib.o)
                0x0000000000404c1c                run_applet_no_and_exit
 .text.run_applet_and_exit
                0x0000000000404cfc      0x250 libbb/lib.a(appletlib.o)
                0x0000000000404cfc                run_applet_and_exit
 .text.main     0x0000000000404f4c       0xc0 libbb/lib.a(appletlib.o)
                0x0000000000404f4c                main
 .text.bb_basename
                0x000000000040500c       0x4c libbb/lib.a(bb_basename.o)
                0x000000000040500c                bb_basename
 .text.full_write
                0x0000000000405058       0x90 libbb/lib.a(full_write.o)
                0x0000000000405058                full_write
 .text.bb_get_last_path_component_nostrip
                0x00000000004050e8       0x68 libbb/lib.a(get_last_path_component.o)
                0x00000000004050e8                bb_get_last_path_component_nostrip
 .text.bb_get_last_path_component_strip
                0x0000000000405150       0x84 libbb/lib.a(get_last_path_component.o)
                0x0000000000405150                bb_get_last_path_component_strip
 .text.last_char_is
                0x00000000004051d4       0x78 libbb/lib.a(last_char_is.o)
                0x00000000004051d4                last_char_is
 .text.safe_write
                0x000000000040524c       0x80 libbb/lib.a(safe_write.o)
                0x000000000040524c                safe_write
 .text.xfunc_die
                0x00000000004052cc       0x6c libbb/lib.a(xfunc_die.o)
                0x00000000004052cc                xfunc_die
 .text.do_sethostname
                0x0000000000405338      0x110 networking/lib.a(hostname.o)
 .text.hostname_main
                0x0000000000405448      0x1d8 networking/lib.a(hostname.o)
                0x0000000000405448                hostname_main
 .text.ifconfig_main
                0x0000000000405620      0x5fc networking/lib.a(ifconfig.o)
                0x0000000000405620                ifconfig_main
 .text.INET_sprint
                0x0000000000405c1c       0x98 networking/lib.a(interface.o)
 .text.INET_input
                0x0000000000405cb4       0x18 networking/lib.a(interface.o)
 .text.UNSPEC_print
                0x0000000000405ccc       0xa8 networking/lib.a(interface.o)
 .text.UNSPEC_sprint
                0x0000000000405d74       0x40 networking/lib.a(interface.o)
 .text.get_afntype
                0x0000000000405db4       0x48 networking/lib.a(interface.o)
 .text.add_interface
                0x0000000000405dfc       0xec networking/lib.a(interface.o)
 .text.if_readconf
                0x0000000000405ee8      0x148 networking/lib.a(interface.o)
 .text.if_readlist_proc
                0x0000000000406030      0x3a0 networking/lib.a(interface.o)
 .text.do_if_fetch
                0x00000000004063d0      0x4a8 networking/lib.a(interface.o)
 .text.ether_print
                0x0000000000406878       0x8c networking/lib.a(interface.o)
 .text.hexchar2int
                0x0000000000406904       0x34 networking/lib.a(interface.o)
 .text.ether_input
                0x0000000000406938      0x130 networking/lib.a(interface.o)
 .text.get_hwntype
                0x0000000000406a68       0x48 networking/lib.a(interface.o)
                0x0000000000406a68                get_hwntype
 .text.print_bytes_scaled
                0x0000000000406ab0       0xb4 networking/lib.a(interface.o)
 .text.ife_print
                0x0000000000406b64      0x5bc networking/lib.a(interface.o)
 .text.display_interfaces
                0x0000000000407120      0x174 networking/lib.a(interface.o)
                0x0000000000407120                display_interfaces
 .text.ip_print_help
                0x0000000000407294       0x24 networking/lib.a(ip.o)
 .text.ip_main  0x00000000004072b8       0x88 networking/lib.a(ip.o)
                0x00000000004072b8                ip_main
 .text.print_stats_and_exit
                0x0000000000407340      0x200 networking/lib.a(ping.o)
 .text.sendping4
                0x0000000000407540      0x264 networking/lib.a(ping.o)
 .text.ping_main
                0x00000000004077a4      0x6c0 networking/lib.a(ping.o)
                0x00000000004077a4                ping_main
 .text.kw_lookup
                0x0000000000407e64       0xc8 networking/lib.a(route.o)
 .text.bb_displayroutes
                0x0000000000407f2c      0x2f4 networking/lib.a(route.o)
                0x0000000000407f2c                bb_displayroutes
 .text.route_main
                0x0000000000408220      0x604 networking/lib.a(route.o)
                0x0000000000408220                route_main
 .text.ip_parse_common_args
                0x0000000000408824      0x140 networking/libiproute/lib.a(ip_parse_common_args.o)
                0x0000000000408824                ip_parse_common_args
 .text.do_get_ioctl
                0x0000000000408964       0xa8 networking/libiproute/lib.a(iptunnel.o)
 .text.do_add_ioctl
                0x0000000000408a0c       0xec networking/libiproute/lib.a(iptunnel.o)
 .text.do_del_ioctl
                0x0000000000408af8       0xb4 networking/libiproute/lib.a(iptunnel.o)
 .text.parse_args
                0x0000000000408bac      0x900 networking/libiproute/lib.a(iptunnel.o)
 .text.do_add   0x00000000004094ac       0xec networking/libiproute/lib.a(iptunnel.o)
 .text.print_tunnel
                0x0000000000409598      0x444 networking/libiproute/lib.a(iptunnel.o)
 .text.do_iptunnel
                0x00000000004099dc      0x590 networking/libiproute/lib.a(iptunnel.o)
                0x00000000004099dc                do_iptunnel
 .text.rtnl_tab_initialize
                0x0000000000409f6c      0x104 networking/libiproute/lib.a(rt_names.o)
 .text.rtnl_rtdsfield_initialize
                0x000000000040a070       0x80 networking/libiproute/lib.a(rt_names.o)
 .text.rtnl_dsfield_n2a
                0x000000000040a0f0       0xc4 networking/libiproute/lib.a(rt_names.o)
                0x000000000040a0f0                rtnl_dsfield_n2a
 .text.rtnl_dsfield_a2n
                0x000000000040a1b4      0x14c networking/libiproute/lib.a(rt_names.o)
                0x000000000040a1b4                rtnl_dsfield_a2n
 .text.get_unsigned
                0x000000000040a300       0x94 networking/libiproute/lib.a(utils.o)
                0x000000000040a300                get_unsigned
 .text.get_addr_1
                0x000000000040a394      0x188 networking/libiproute/lib.a(utils.o)
                0x000000000040a394                get_addr_1
 .text.get_addr32
                0x000000000040a51c       0x74 networking/libiproute/lib.a(utils.o)
                0x000000000040a51c                get_addr32
 .text.incomplete_command
                0x000000000040a590       0x28 networking/libiproute/lib.a(utils.o)
                0x000000000040a590                incomplete_command
 .text.invarg   0x000000000040a5b8       0x30 networking/libiproute/lib.a(utils.o)
                0x000000000040a5b8                invarg
 .text.duparg2  0x000000000040a5e8       0x30 networking/libiproute/lib.a(utils.o)
                0x000000000040a5e8                duparg2
 .text.rt_addr_n2a
                0x000000000040a618       0x48 networking/libiproute/lib.a(utils.o)
                0x000000000040a618                rt_addr_n2a
 .text.format_host
                0x000000000040a660       0x18 networking/libiproute/lib.a(utils.o)
                0x000000000040a660                format_host
 .text.free_main
                0x000000000040a678      0x290 procps/lib.a(free.o)
                0x000000000040a678                free_main
 .text.kill_main
                0x000000000040a908      0x438 procps/lib.a(kill.o)
                0x000000000040a908                kill_main
 .text.ps_main  0x000000000040ad40      0x134 procps/lib.a(ps.o)
                0x000000000040ad40                ps_main
 .text.renice_main
                0x000000000040ae74      0x228 procps/lib.a(renice.o)
                0x000000000040ae74                renice_main
 .text.isdigit_str9
                0x000000000040b09c       0x30 shell/lib.a(ash.o)
 .text.raise_exception
                0x000000000040b0cc       0x44 shell/lib.a(ash.o)
 .text.raise_interrupt
                0x000000000040b110       0xa4 shell/lib.a(ash.o)
 .text.int_on   0x000000000040b1b4       0x60 shell/lib.a(ash.o)
 .text.force_int_on
                0x000000000040b214       0x4c shell/lib.a(ash.o)
 .text.ignoresig
                0x000000000040b260       0x68 shell/lib.a(ash.o)
 .text.onsig    0x000000000040b2c8       0x84 shell/lib.a(ash.o)
 .text.outstr   0x000000000040b34c       0x50 shell/lib.a(ash.o)
 .text.flush_stdout_stderr
                0x000000000040b39c       0x70 shell/lib.a(ash.o)
 .text.flush_stderr
                0x000000000040b40c       0x58 shell/lib.a(ash.o)
 .text.outcslow
                0x000000000040b464       0x9c shell/lib.a(ash.o)
 .text.out1fmt  0x000000000040b500       0x74 shell/lib.a(ash.o)
 .text.fmtstr   0x000000000040b574       0x6c shell/lib.a(ash.o)
 .text.out1str  0x000000000040b5e0       0x24 shell/lib.a(ash.o)
 .text.out2str  0x000000000040b604       0x48 shell/lib.a(ash.o)
 .text.freefunc
                0x000000000040b64c       0x38 shell/lib.a(ash.o)
 .text.ash_vmsg
                0x000000000040b684      0x130 shell/lib.a(ash.o)
 .text.ash_vmsg_and_raise
                0x000000000040b7b4       0x5c shell/lib.a(ash.o)
 .text.ash_msg_and_raise_error
                0x000000000040b810       0x3c shell/lib.a(ash.o)
 .text.ash_msg_and_raise
                0x000000000040b84c       0x30 shell/lib.a(ash.o)
 .text.ash_msg  0x000000000040b87c       0x44 shell/lib.a(ash.o)
 .text.errmsg   0x000000000040b8c0       0x38 shell/lib.a(ash.o)
 .text.ckrealloc
                0x000000000040b8f8       0x50 shell/lib.a(ash.o)
 .text.ckmalloc
                0x000000000040b948       0x20 shell/lib.a(ash.o)
 .text.ckzalloc
                0x000000000040b968       0x50 shell/lib.a(ash.o)
 .text.ckstrdup
                0x000000000040b9b8       0x50 shell/lib.a(ash.o)
 .text.stalloc  0x000000000040ba08      0x108 shell/lib.a(ash.o)
 .text.stzalloc
                0x000000000040bb10       0x50 shell/lib.a(ash.o)
 .text.stunalloc
                0x000000000040bb60       0x30 shell/lib.a(ash.o)
 .text.ststrdup
                0x000000000040bb90       0x6c shell/lib.a(ash.o)
 .text.setstackmark
                0x000000000040bbfc       0x3c shell/lib.a(ash.o)
 .text.popstackmark
                0x000000000040bc38       0xe4 shell/lib.a(ash.o)
 .text.growstackblock
                0x000000000040bd1c      0x19c shell/lib.a(ash.o)
 .text.growstackstr
                0x000000000040beb8       0x9c shell/lib.a(ash.o)
 .text.makestrspace
                0x000000000040bf54       0x8c shell/lib.a(ash.o)
 .text.stack_nputstr
                0x000000000040bfe0       0x70 shell/lib.a(ash.o)
 .text.stack_putstr
                0x000000000040c050       0x5c shell/lib.a(ash.o)
 .text._STPUTC  0x000000000040c0ac       0x60 shell/lib.a(ash.o)
 .text.prefix   0x000000000040c10c       0x2c shell/lib.a(ash.o)
 .text.is_number
                0x000000000040c138       0x34 shell/lib.a(ash.o)
 .text.number   0x000000000040c16c       0x64 shell/lib.a(ash.o)
 .text.single_quote
                0x000000000040c1d0      0x150 shell/lib.a(ash.o)
 .text.nextopt  0x000000000040c320      0x13c shell/lib.a(ash.o)
 .text.freeparam
                0x000000000040c45c       0x8c shell/lib.a(ash.o)
 .text.endofname
                0x000000000040c4e8       0xac shell/lib.a(ash.o)
 .text.varcmp   0x000000000040c594       0x54 shell/lib.a(ash.o)
 .text.varequal
                0x000000000040c5e8       0x3c shell/lib.a(ash.o)
 .text.hashvar  0x000000000040c624       0x98 shell/lib.a(ash.o)
 .text.vpcmp    0x000000000040c6bc       0x24 shell/lib.a(ash.o)
 .text.findvar  0x000000000040c6e0       0x78 shell/lib.a(ash.o)
 .text.lookupvar
                0x000000000040c758       0x90 shell/lib.a(ash.o)
 .text.bltinlookup
                0x000000000040c7e8       0xa8 shell/lib.a(ash.o)
 .text.setvareq
                0x000000000040c890      0x1c4 shell/lib.a(ash.o)
 .text.setvar   0x000000000040ca54      0x178 shell/lib.a(ash.o)
 .text.unsetvar
                0x000000000040cbcc      0x134 shell/lib.a(ash.o)
 .text.listsetvar
                0x000000000040cd00       0x94 shell/lib.a(ash.o)
 .text.listvars
                0x000000000040cd94      0x144 shell/lib.a(ash.o)
 .text.padvance
                0x000000000040ced8      0x1fc shell/lib.a(ash.o)
 .text.setprompt
                0x000000000040d0d4       0x70 shell/lib.a(ash.o)
 .text.cdopt    0x000000000040d144       0x74 shell/lib.a(ash.o)
 .text.setpwd   0x000000000040d1b8      0x188 shell/lib.a(ash.o)
 .text.cdcmd    0x000000000040d340      0x50c shell/lib.a(ash.o)
 .text.pwdcmd   0x000000000040d84c       0xa4 shell/lib.a(ash.o)
 .text.SIT      0x000000000040d8f0       0xc0 shell/lib.a(ash.o)
 .text.__lookupalias
                0x000000000040d9b0       0xdc shell/lib.a(ash.o)
 .text.lookupalias
                0x000000000040da8c       0x6c shell/lib.a(ash.o)
 .text.freealias
                0x000000000040daf8       0x94 shell/lib.a(ash.o)
 .text.unalias  0x000000000040db8c       0x98 shell/lib.a(ash.o)
 .text.printalias
                0x000000000040dc24       0x64 shell/lib.a(ash.o)
 .text.aliascmd
                0x000000000040dc88      0x234 shell/lib.a(ash.o)
 .text.unaliascmd
                0x000000000040debc      0x178 shell/lib.a(ash.o)
 .text.setsignal
                0x000000000040e034      0x204 shell/lib.a(ash.o)
 .text.set_curjob
                0x000000000040e238       0x7c shell/lib.a(ash.o)
 .text.jobno    0x000000000040e2b4       0x34 shell/lib.a(ash.o)
 .text.getjob   0x000000000040e2e8      0x1f4 shell/lib.a(ash.o)
 .text.freejob  0x000000000040e4dc       0xe8 shell/lib.a(ash.o)
 .text.xtcsetpgrp
                0x000000000040e5c4       0x50 shell/lib.a(ash.o)
 .text.setjobctl
                0x000000000040e614      0x288 shell/lib.a(ash.o)
 .text.killcmd  0x000000000040e89c       0xf4 shell/lib.a(ash.o)
 .text.showpipe
                0x000000000040e990       0xac shell/lib.a(ash.o)
 .text.sprint_status
                0x000000000040ea3c      0x13c shell/lib.a(ash.o)
 .text.dowait   0x000000000040eb78      0x230 shell/lib.a(ash.o)
 .text.showjob  0x000000000040eda8      0x2d8 shell/lib.a(ash.o)
 .text.showjobs
                0x000000000040f080       0xb8 shell/lib.a(ash.o)
 .text.jobscmd  0x000000000040f138       0xec shell/lib.a(ash.o)
 .text.getstatus
                0x000000000040f224       0x60 shell/lib.a(ash.o)
 .text.waitforjob
                0x000000000040f284       0xfc shell/lib.a(ash.o)
 .text.fg_bgcmd
                0x000000000040f380      0x208 shell/lib.a(ash.o)
 .text.waitcmd  0x000000000040f588      0x1bc shell/lib.a(ash.o)
 .text.makejob  0x000000000040f744      0x210 shell/lib.a(ash.o)
 .text.cmdputs  0x000000000040f954      0x2a4 shell/lib.a(ash.o)
 .text.cmdtxt   0x000000000040fbf8      0x500 shell/lib.a(ash.o)
 .text.cmdlist  0x00000000004100f8       0xb0 shell/lib.a(ash.o)
 .text.stoppedjobs
                0x00000000004101a8       0x88 shell/lib.a(ash.o)
 .text.copyfd   0x0000000000410230       0xb0 shell/lib.a(ash.o)
 .text.need_to_remember
                0x00000000004102e0       0x4c shell/lib.a(ash.o)
 .text.is_hidden_fd
                0x000000000041032c       0x94 shell/lib.a(ash.o)
 .text.popredir
                0x00000000004103c0      0x194 shell/lib.a(ash.o)
 .text.clearredir
                0x0000000000410554       0x68 shell/lib.a(ash.o)
 .text.cvtnum   0x00000000004105bc       0x88 shell/lib.a(ash.o)
 .text.esclen   0x0000000000410644       0x48 shell/lib.a(ash.o)
 .text._rmescapes
                0x000000000041068c      0x1d4 shell/lib.a(ash.o)
 .text.preglob  0x0000000000410860       0x28 shell/lib.a(ash.o)
 .text.memtodest
                0x0000000000410888       0xfc shell/lib.a(ash.o)
 .text.recordregion
                0x0000000000410984       0xc0 shell/lib.a(ash.o)
 .text.removerecordregions
                0x0000000000410a44      0x1b8 shell/lib.a(ash.o)
 .text.scanleft
                0x0000000000410bfc       0xd8 shell/lib.a(ash.o)
 .text.scanright
                0x0000000000410cd4      0x124 shell/lib.a(ash.o)
 .text.varunset
                0x0000000000410df8       0x84 shell/lib.a(ash.o)
 .text.addfname
                0x0000000000410e7c       0x7c shell/lib.a(ash.o)
 .text.expmeta  0x0000000000410ef8      0x3a8 shell/lib.a(ash.o)
 .text.msort    0x00000000004112a0      0x120 shell/lib.a(ash.o)
 .text.tryexec  0x00000000004113c0      0x11c shell/lib.a(ash.o)
 .text.shellexec
                0x00000000004114dc      0x1a0 shell/lib.a(ash.o)
 .text.clearcmdentry
                0x000000000041167c       0xfc shell/lib.a(ash.o)
 .text.cmdlookup
                0x0000000000411778      0x144 shell/lib.a(ash.o)
 .text.delete_cmd_entry
                0x00000000004118bc       0x94 shell/lib.a(ash.o)
 .text.changepath
                0x0000000000411950      0x144 shell/lib.a(ash.o)
 .text.tokname  0x0000000000411a94       0x88 shell/lib.a(ash.o)
 .text.pstrcmp  0x0000000000411b1c       0x1c shell/lib.a(ash.o)
 .text.findkwd  0x0000000000411b38       0x4c shell/lib.a(ash.o)
 .text.sizenodelist
                0x0000000000411b84       0x68 shell/lib.a(ash.o)
 .text.calcsize
                0x0000000000411bec      0x188 shell/lib.a(ash.o)
 .text.nodeckstrdup
                0x0000000000411d74       0x80 shell/lib.a(ash.o)
 .text.copynodelist
                0x0000000000411df4       0x8c shell/lib.a(ash.o)
 .text.copynode
                0x0000000000411e80      0x220 shell/lib.a(ash.o)
 .text.optschanged
                0x00000000004120a0       0xa0 shell/lib.a(ash.o)
 .text.localcmd
                0x0000000000412140      0x2b0 shell/lib.a(ash.o)
 .text.falsecmd
                0x00000000004123f0        0x8 shell/lib.a(ash.o)
 .text.truecmd  0x00000000004123f8        0x8 shell/lib.a(ash.o)
 .text.execcmd  0x0000000000412400       0x80 shell/lib.a(ash.o)
 .text.returncmd
                0x0000000000412480       0x54 shell/lib.a(ash.o)
 .text.find_builtin
                0x00000000004124d4       0x4c shell/lib.a(ash.o)
 .text.isassignment
                0x0000000000412520       0x58 shell/lib.a(ash.o)
 .text.bltincmd
                0x0000000000412578       0x1c shell/lib.a(ash.o)
 .text.evalbltin
                0x0000000000412594      0x130 shell/lib.a(ash.o)
 .text.goodname
                0x00000000004126c4       0x40 shell/lib.a(ash.o)
 .text.breakcmd
                0x0000000000412704       0xb4 shell/lib.a(ash.o)
 .text.popstring
                0x00000000004127b8      0x12c shell/lib.a(ash.o)
 .text.pgetc    0x00000000004128e4      0x334 shell/lib.a(ash.o)
 .text.pgetc2   0x0000000000412c18       0x44 shell/lib.a(ash.o)
 .text.pungetc  0x0000000000412c5c       0x30 shell/lib.a(ash.o)
 .text.pushstring
                0x0000000000412c8c       0xf4 shell/lib.a(ash.o)
 .text.pushfile
                0x0000000000412d80       0x8c shell/lib.a(ash.o)
 .text.popfile  0x0000000000412e0c       0xf4 shell/lib.a(ash.o)
 .text.popallfiles
                0x0000000000412f00       0x6c shell/lib.a(ash.o)
 .text.forkshell
                0x0000000000412f6c      0x4b0 shell/lib.a(ash.o)
 .text.setinputfile
                0x000000000041341c      0x17c shell/lib.a(ash.o)
 .text.setinputstring
                0x0000000000413598       0x98 shell/lib.a(ash.o)
 .text.setparam
                0x0000000000413630       0xec shell/lib.a(ash.o)
 .text.options  0x000000000041371c      0x358 shell/lib.a(ash.o)
 .text.shiftcmd
                0x0000000000413a74      0x108 shell/lib.a(ash.o)
 .text.showvars
                0x0000000000413b7c      0x13c shell/lib.a(ash.o)
 .text.setcmd   0x0000000000413cb8       0xe4 shell/lib.a(ash.o)
 .text.raise_error_syntax
                0x0000000000413d9c       0x30 shell/lib.a(ash.o)
 .text.raise_error_unexpected_syntax
                0x0000000000413dcc       0xac shell/lib.a(ash.o)
 .text.makename
                0x0000000000413e78       0x58 shell/lib.a(ash.o)
 .text.fixredir
                0x0000000000413ed0       0xe8 shell/lib.a(ash.o)
 .text.xxreadtoken
                0x0000000000413fb8      0x2bc shell/lib.a(ash.o)
 .text.readtoken
                0x0000000000414274      0x170 shell/lib.a(ash.o)
 .text.parsefname
                0x00000000004143e4      0x1e8 shell/lib.a(ash.o)
 .text.peektoken
                0x00000000004145cc       0x5c shell/lib.a(ash.o)
 .text.list     0x0000000000414628      0x2cc shell/lib.a(ash.o)
 .text.readtoken1
                0x00000000004148f4     0x147c shell/lib.a(ash.o)
 .text.parseheredoc
                0x0000000000415d70       0xf4 shell/lib.a(ash.o)
 .text.parse_command
                0x0000000000415e64      0x9c8 shell/lib.a(ash.o)
 .text.pipeline
                0x000000000041682c      0x194 shell/lib.a(ash.o)
 .text.parsecmd
                0x00000000004169c0       0xb4 shell/lib.a(ash.o)
 .text.exitcmd  0x0000000000416a74       0x80 shell/lib.a(ash.o)
 .text.trapcmd  0x0000000000416af4      0x1e4 shell/lib.a(ash.o)
 .text.exportcmd
                0x0000000000416cd8      0x15c shell/lib.a(ash.o)
 .text.unsetcmd
                0x0000000000416e34      0x10c shell/lib.a(ash.o)
 .text.timescmd
                0x0000000000416f40      0x114 shell/lib.a(ash.o)
 .text.readcmd  0x0000000000417054      0x40c shell/lib.a(ash.o)
 .text.umaskcmd
                0x0000000000417460      0x268 shell/lib.a(ash.o)
 .text.printlim
                0x00000000004176c8       0x60 shell/lib.a(ash.o)
 .text.ulimitcmd
                0x0000000000417728      0x2d8 shell/lib.a(ash.o)
 .text.arith    0x0000000000417a00      0x804 shell/lib.a(ash.o)
 .text.dash_arith
                0x0000000000418204       0xe4 shell/lib.a(ash.o)
 .text.letcmd   0x00000000004182e8       0x78 shell/lib.a(ash.o)
 .text.argstr   0x0000000000418360      0x888 shell/lib.a(ash.o)
 .text.expandarg
                0x0000000000418be8      0x5b8 shell/lib.a(ash.o)
 .text.expredir
                0x00000000004191a0      0x130 shell/lib.a(ash.o)
 .text.redirect
                0x00000000004192d0      0x760 shell/lib.a(ash.o)
 .text.redirectsafe
                0x0000000000419a30       0xf8 shell/lib.a(ash.o)
 .text.evaltree
                0x0000000000419b28      0x52c shell/lib.a(ash.o)
 .text.evalstring
                0x000000000041a054       0xe8 shell/lib.a(ash.o)
 .text.evalcmd  0x000000000041a13c      0x108 shell/lib.a(ash.o)
 .text.cmdloop  0x000000000041a244      0x178 shell/lib.a(ash.o)
 .text.find_command
                0x000000000041a3bc      0x578 shell/lib.a(ash.o)
 .text.typecmd  0x000000000041a934      0x380 shell/lib.a(ash.o)
 .text.hashcmd  0x000000000041acb4      0x22c shell/lib.a(ash.o)
 .text.evalpipe
                0x000000000041aee0      0x2b0 shell/lib.a(ash.o)
 .text.dotcmd   0x000000000041b190      0x22c shell/lib.a(ash.o)
 .text.evalloop
                0x000000000041b3bc      0x158 shell/lib.a(ash.o)
 .text.evalfun  0x000000000041b514      0x3c0 shell/lib.a(ash.o)
 .text.evalsubshell
                0x000000000041b8d4      0x160 shell/lib.a(ash.o)
 .text.evalfor  0x000000000041ba34      0x1a8 shell/lib.a(ash.o)
 .text.evalcommand
                0x000000000041bbdc      0x688 shell/lib.a(ash.o)
 .text.subevalvar
                0x000000000041c264      0x750 shell/lib.a(ash.o)
 .text.evalvar  0x000000000041c9b4      0x820 shell/lib.a(ash.o)
 .text.evalcase
                0x000000000041d1d4      0x224 shell/lib.a(ash.o)
 .text.arith_lookup_val
                0x000000000041d3f8       0xf4 shell/lib.a(ash.o)
 .text.exitshell
                0x000000000041d4ec       0xcc shell/lib.a(ash.o)
 .text.read_profile
                0x000000000041d5b8       0x88 shell/lib.a(ash.o)
 .text.ash_main
                0x000000000041d640      0x800 shell/lib.a(ash.o)
                0x000000000041d640                ash_main
 .text.klogd_signal
                0x000000000041de40       0x74 sysklogd/lib.a(klogd.o)
 .text.klogd_main
                0x000000000041deb4      0x2a0 sysklogd/lib.a(klogd.o)
                0x000000000041deb4                klogd_main
 .text.timestamp_and_log
                0x000000000041e154      0x5f0 sysklogd/lib.a(syslogd_and_logger.o)
 .text.timestamp_and_log_internal
                0x000000000041e744       0x40 sysklogd/lib.a(syslogd_and_logger.o)
 .text.quit_signal
                0x000000000041e784       0xc4 sysklogd/lib.a(syslogd_and_logger.o)
 .text.create_socket
                0x000000000041e848      0x130 sysklogd/lib.a(syslogd_and_logger.o)
 .text.syslogd_main
                0x000000000041e978      0x714 sysklogd/lib.a(syslogd_and_logger.o)
                0x000000000041e978                syslogd_main
 .text.verbose_mount
                0x000000000041f08c       0xc8 util-linux/lib.a(mount.o)
 .text.append_mount_options
                0x000000000041f154      0x17c util-linux/lib.a(mount.o)
 .text.parse_mount_options
                0x000000000041f2d0      0x198 util-linux/lib.a(mount.o)
 .text.mount_it_now
                0x000000000041f468      0x174 util-linux/lib.a(mount.o)
 .text.singlemount
                0x000000000041f5dc      0x2dc util-linux/lib.a(mount.o)
 .text.mount_main
                0x000000000041f8b8      0x550 util-linux/lib.a(mount.o)
                0x000000000041f8b8                mount_main
 .text.umount_main
                0x000000000041fe08      0x378 util-linux/lib.a(umount.o)
                0x000000000041fe08                umount_main
 .text.open_to_or_warn
                0x0000000000420180       0x70 archival/lib.a(bbunzip.o)
 .text.bbunpack
                0x00000000004201f0      0x2c8 archival/lib.a(bbunzip.o)
                0x00000000004201f0                bbunpack
 .text.make_new_name_bunzip2
                0x00000000004204b8       0x84 archival/lib.a(bbunzip.o)
 .text.unpack_bunzip2
                0x000000000042053c       0x1c archival/lib.a(bbunzip.o)
 .text.bunzip2_main
                0x0000000000420558       0x94 archival/lib.a(bbunzip.o)
                0x0000000000420558                bunzip2_main
 .text.get_bits
                0x00000000004205ec      0x128 archival/libunarchive/lib.a(decompress_bunzip2.o)
 .text.get_next_block
                0x0000000000420714      0x964 archival/libunarchive/lib.a(decompress_bunzip2.o)
 .text.read_bunzip
                0x0000000000421078      0x1d4 archival/libunarchive/lib.a(decompress_bunzip2.o)
                0x0000000000421078                read_bunzip
 .text.start_bunzip
                0x000000000042124c      0x184 archival/libunarchive/lib.a(decompress_bunzip2.o)
                0x000000000042124c                start_bunzip
 .text.dealloc_bunzip
                0x00000000004213d0       0x4c archival/libunarchive/lib.a(decompress_bunzip2.o)
                0x00000000004213d0                dealloc_bunzip
 .text.unpack_bz2_stream
                0x000000000042141c      0x154 archival/libunarchive/lib.a(decompress_bunzip2.o)
                0x000000000042141c                unpack_bz2_stream
 .text.unpack_bz2_stream_prime
                0x0000000000421570       0x94 archival/libunarchive/lib.a(decompress_bunzip2.o)
                0x0000000000421570                unpack_bz2_stream_prime
 .text.bb_cat   0x0000000000421604       0xc0 coreutils/lib.a(cat.o)
                0x0000000000421604                bb_cat
 .text.cat_main
                0x00000000004216c4       0x5c coreutils/lib.a(cat.o)
                0x00000000004216c4                cat_main
 .text.cp_main  0x0000000000421720      0x1b8 coreutils/lib.a(cp.o)
                0x0000000000421720                cp_main
 .text.cmpfunc  0x00000000004218d8       0x10 coreutils/lib.a(cut.o)
 .text.cut_main
                0x00000000004218e8      0x6c4 coreutils/lib.a(cut.o)
                0x00000000004218e8                cut_main
 .text.maybe_set_utc
                0x0000000000421fac       0x30 coreutils/lib.a(date.o)
 .text.date_main
                0x0000000000421fdc      0x758 coreutils/lib.a(date.o)
                0x0000000000421fdc                date_main
 .text.echo_main
                0x0000000000422734      0x214 coreutils/lib.a(echo.o)
                0x0000000000422734                echo_main
 .text.int_value
                0x0000000000422948       0x44 coreutils/lib.a(expr.o)
 .text.str_value
                0x000000000042298c       0x6c coreutils/lib.a(expr.o)
 .text.freev    0x00000000004229f8       0x58 coreutils/lib.a(expr.o)
 .text.null     0x0000000000422a50       0x48 coreutils/lib.a(expr.o)
 .text.tostring
                0x0000000000422a98       0x60 coreutils/lib.a(expr.o)
 .text.toarith  0x0000000000422af8       0xa0 coreutils/lib.a(expr.o)
 .text.nextarg  0x0000000000422b98       0x74 coreutils/lib.a(expr.o)
 .text.arithmetic_common
                0x0000000000422c0c      0x11c coreutils/lib.a(expr.o)
 .text.docolon  0x0000000000422d28      0x1a0 coreutils/lib.a(expr.o)
 .text.eval1    0x0000000000422ec8      0x12c coreutils/lib.a(expr.o)
 .text.eval     0x0000000000422ff4       0xd8 coreutils/lib.a(expr.o)
 .text.eval6    0x00000000004230cc      0x484 coreutils/lib.a(expr.o)
 .text.eval5    0x0000000000423550       0xe4 coreutils/lib.a(expr.o)
 .text.eval4    0x0000000000423634      0x13c coreutils/lib.a(expr.o)
 .text.eval3    0x0000000000423770      0x120 coreutils/lib.a(expr.o)
 .text.eval2    0x0000000000423890      0x27c coreutils/lib.a(expr.o)
 .text.expr_main
                0x0000000000423b0c       0xd4 coreutils/lib.a(expr.o)
                0x0000000000423b0c                expr_main
 .text.false_main
                0x0000000000423be0        0x8 coreutils/lib.a(false.o)
                0x0000000000423be0                false_main
 .text.head_main
                0x0000000000423be8      0x23c coreutils/lib.a(head.o)
                0x0000000000423be8                head_main
 .text.ln_main  0x0000000000423e24      0x2f0 coreutils/lib.a(ln.o)
                0x0000000000423e24                ln_main
 .text.my_stat  0x0000000000424114      0x108 coreutils/lib.a(ls.o)
 .text.append_char
                0x000000000042421c       0x74 coreutils/lib.a(ls.o)
 .text.count_dirs
                0x0000000000424290       0x88 coreutils/lib.a(ls.o)
 .text.dnalloc  0x0000000000424318       0x30 coreutils/lib.a(ls.o)
 .text.dfree    0x0000000000424348       0xd0 coreutils/lib.a(ls.o)
 .text.splitdnarray
                0x0000000000424418      0x150 coreutils/lib.a(ls.o)
 .text.sortcmp  0x0000000000424568      0x10c coreutils/lib.a(ls.o)
 .text.dnsort   0x0000000000424674       0x20 coreutils/lib.a(ls.o)
 .text.showfiles
                0x0000000000424694      0x748 coreutils/lib.a(ls.o)
 .text.showdirs
                0x0000000000424ddc      0x384 coreutils/lib.a(ls.o)
 .text.ls_main  0x0000000000425160      0x484 coreutils/lib.a(ls.o)
                0x0000000000425160                ls_main
 .text.mkdir_main
                0x00000000004255e4      0x120 coreutils/lib.a(mkdir.o)
                0x00000000004255e4                mkdir_main
 .text.multiconvert
                0x0000000000425704       0xc8 coreutils/lib.a(printf.o)
 .text.conv_strtoul
                0x00000000004257cc       0x48 coreutils/lib.a(printf.o)
 .text.conv_strtol
                0x0000000000425814       0x48 coreutils/lib.a(printf.o)
 .text.conv_strtod
                0x000000000042585c       0x70 coreutils/lib.a(printf.o)
 .text.print_direc
                0x00000000004258cc      0x2c8 coreutils/lib.a(printf.o)
 .text.get_width_prec
                0x0000000000425b94       0x7c coreutils/lib.a(printf.o)
 .text.printf_main
                0x0000000000425c10      0x488 coreutils/lib.a(printf.o)
                0x0000000000425c10                printf_main
 .text.rm_main  0x0000000000426098      0x160 coreutils/lib.a(rm.o)
                0x0000000000426098                rm_main
 .text.sleep_main
                0x00000000004261f8       0x60 coreutils/lib.a(sleep.o)
                0x00000000004261f8                sleep_main
 .text.tail_xprint_header
                0x0000000000426258       0x50 coreutils/lib.a(tail.o)
 .text.tail_read
                0x00000000004262a8       0xf4 coreutils/lib.a(tail.o)
 .text.eat_num  0x000000000042639c       0x40 coreutils/lib.a(tail.o)
 .text.tail_main
                0x00000000004263dc      0x614 coreutils/lib.a(tail.o)
                0x00000000004263dc                tail_main
 .text.syntax   0x00000000004269f0       0x74 coreutils/lib.a(test.o)
 .text.getn     0x0000000000426a64       0xb8 coreutils/lib.a(test.o)
 .text.check_operator
                0x0000000000426b1c       0xb8 coreutils/lib.a(test.o)
 .text.binop    0x0000000000426bd4      0x264 coreutils/lib.a(test.o)
 .text.nexpr    0x0000000000426e38      0x560 coreutils/lib.a(test.o)
 .text.aexpr    0x0000000000427398       0xe4 coreutils/lib.a(test.o)
 .text.oexpr    0x000000000042747c       0xec coreutils/lib.a(test.o)
 .text.test_main
                0x0000000000427568      0x1dc coreutils/lib.a(test.o)
                0x0000000000427568                test_main
 .text.true_main
                0x0000000000427744        0x8 coreutils/lib.a(true.o)
                0x0000000000427744                true_main
 .text.wc_main  0x000000000042774c      0x354 coreutils/lib.a(wc.o)
                0x000000000042774c                wc_main
 .text.cp_mv_stat2
                0x0000000000427aa0       0xa4 coreutils/libcoreutils/lib.a(cp_mv_stat.o)
                0x0000000000427aa0                cp_mv_stat2
 .text.cp_mv_stat
                0x0000000000427b44       0x1c coreutils/libcoreutils/lib.a(cp_mv_stat.o)
                0x0000000000427b44                cp_mv_stat
 .text.print_line
                0x0000000000427b60       0xe0 findutils/lib.a(grep.o)
 .text.grep_file
                0x0000000000427c40      0x324 findutils/lib.a(grep.o)
 .text.add_grep_list_data
                0x0000000000427f64       0x44 findutils/lib.a(grep.o)
 .text.file_action_grep
                0x0000000000427fa8       0xd0 findutils/lib.a(grep.o)
 .text.grep_main
                0x0000000000428078      0x3bc findutils/lib.a(grep.o)
                0x0000000000428078                grep_main
 .text.halt_main
                0x0000000000428434      0x150 init/lib.a(halt.o)
                0x0000000000428434                halt_main
 .text.waitfor  0x0000000000428584       0x4c init/lib.a(init.o)
 .text.loop_forever
                0x00000000004285d0       0x30 init/lib.a(init.o)
 .text.message  0x0000000000428600      0x128 init/lib.a(init.o)
 .text.set_sane_term
                0x0000000000428728       0xb4 init/lib.a(init.o)
 .text.init_exec
                0x00000000004287dc      0x198 init/lib.a(init.o)
 .text.delete_init_action
                0x0000000000428974       0x68 init/lib.a(init.o)
 .text.init_reboot
                0x00000000004289dc       0x70 init/lib.a(init.o)
 .text.kill_all_processes
                0x0000000000428a4c      0x12c init/lib.a(init.o)
 .text.halt_reboot_pwoff
                0x0000000000428b78       0xd0 init/lib.a(init.o)
 .text.open_stdio_to_tty
                0x0000000000428c48      0x108 init/lib.a(init.o)
 .text.run      0x0000000000428d50      0x1dc init/lib.a(init.o)
 .text.run_actions
                0x0000000000428f2c      0x108 init/lib.a(init.o)
 .text.exec_restart_action
                0x0000000000429034       0xdc init/lib.a(init.o)
 .text.ctrlaltdel_signal
                0x0000000000429110       0x1c init/lib.a(init.o)
 .text.stop_handler
                0x000000000042912c       0x74 init/lib.a(init.o)
 .text.new_init_action
                0x00000000004291a0      0x130 init/lib.a(init.o)
 .text.parse_inittab
                0x00000000004292d0      0x270 init/lib.a(init.o)
 .text.reload_signal
                0x0000000000429540       0xd0 init/lib.a(init.o)
 .text.init_main
                0x0000000000429610      0x514 init/lib.a(init.o)
                0x0000000000429610                init_main
 .text.ret_ERANGE
                0x0000000000429b24       0x28 libbb/lib.a(bb_strtonum.o)
 .text.handle_errors
                0x0000000000429b4c       0xa4 libbb/lib.a(bb_strtonum.o)
 .text.bb_strtoul
                0x0000000000429bf0       0xc4 libbb/lib.a(bb_strtonum.o)
                0x0000000000429bf0                bb_strtoul
 .text.bb_strtol
                0x0000000000429cb4       0xd8 libbb/lib.a(bb_strtonum.o)
                0x0000000000429cb4                bb_strtol
 .text.index_in_strings
                0x0000000000429d8c       0x98 libbb/lib.a(compare_string_array.o)
                0x0000000000429d8c                index_in_strings
 .text.index_in_substrings
                0x0000000000429e24       0xbc libbb/lib.a(compare_string_array.o)
                0x0000000000429e24                index_in_substrings
 .text.concat_path_file
                0x0000000000429ee0       0xb4 libbb/lib.a(concat_path_file.o)
                0x0000000000429ee0                concat_path_file
 .text.ask_and_unlink
                0x0000000000429f94       0xd8 libbb/lib.a(copy_file.o)
 .text.copy_file
                0x000000000042a06c      0x7f8 libbb/lib.a(copy_file.o)
                0x000000000042a06c                copy_file
 .text.bb_full_fd_action
                0x000000000042a864      0x138 libbb/lib.a(copyfd.o)
 .text.bb_copyfd_size
                0x000000000042a99c       0x2c libbb/lib.a(copyfd.o)
                0x000000000042a99c                bb_copyfd_size
 .text.bb_copyfd_eof
                0x000000000042a9c8       0x1c libbb/lib.a(copyfd.o)
                0x000000000042a9c8                bb_copyfd_eof
 .text.crc32_filltable
                0x000000000042a9e4       0xcc libbb/lib.a(crc32.o)
                0x000000000042a9e4                crc32_filltable
 .text.create_icmp_socket
                0x000000000042aab0       0xa8 libbb/lib.a(create_icmp_socket.o)
                0x000000000042aab0                create_icmp_socket
 .text.device_open
                0x000000000042ab58       0xb4 libbb/lib.a(device_open.o)
                0x000000000042ab58                device_open
 .text.bb_error_msg
                0x000000000042ac0c       0x44 libbb/lib.a(error_msg.o)
                0x000000000042ac0c                bb_error_msg
 .text.bb_error_msg_and_die
                0x000000000042ac50       0x44 libbb/lib.a(error_msg_and_die.o)
                0x000000000042ac50                bb_error_msg_and_die
 .text.bb_execvp
                0x000000000042ac94       0x5c libbb/lib.a(execable.o)
                0x000000000042ac94                bb_execvp
 .text.fclose_if_not_stdin
                0x000000000042acf0       0x8c libbb/lib.a(fclose_nonstdin.o)
                0x000000000042acf0                fclose_if_not_stdin
 .text.fflush_stdout_and_exit
                0x000000000042ad7c       0x7c libbb/lib.a(fflush_stdout_and_exit.o)
                0x000000000042ad7c                fflush_stdout_and_exit
 .text.find_pid_by_name
                0x000000000042adf8      0x198 libbb/lib.a(find_pid_by_name.o)
                0x000000000042adf8                find_pid_by_name
 .text.bb_get_chunk_with_continuation
                0x000000000042af90      0x178 libbb/lib.a(get_line_from_file.o)
                0x000000000042af90                bb_get_chunk_with_continuation
 .text.bb_get_chunk_from_file
                0x000000000042b108       0x18 libbb/lib.a(get_line_from_file.o)
                0x000000000042b108                bb_get_chunk_from_file
 .text.xmalloc_fgetline
                0x000000000042b120       0x60 libbb/lib.a(get_line_from_file.o)
                0x000000000042b120                xmalloc_fgetline
 .text.getopt32
                0x000000000042b180      0x624 libbb/lib.a(getopt32.o)
                0x000000000042b180                getopt32
 .text.INET_resolve
                0x000000000042b7a4       0xf4 libbb/lib.a(inet_common.o)
                0x000000000042b7a4                INET_resolve
 .text.INET_rresolve
                0x000000000042b898      0x220 libbb/lib.a(inet_common.o)
                0x000000000042b898                INET_rresolve
 .text.is_in_ino_dev_hashtable
                0x000000000042bab8       0xa4 libbb/lib.a(inode_hash.o)
                0x000000000042bab8                is_in_ino_dev_hashtable
 .text.add_to_ino_dev_hashtable
                0x000000000042bb5c      0x120 libbb/lib.a(inode_hash.o)
                0x000000000042bb5c                add_to_ino_dev_hashtable
 .text.is_directory
                0x000000000042bc7c       0x7c libbb/lib.a(isdirectory.o)
                0x000000000042bc7c                is_directory
 .text.deinit_S
                0x000000000042bcf8       0x20 libbb/lib.a(lineedit.o)
 .text.cmdedit_set_out_char
                0x000000000042bd18       0xa0 libbb/lib.a(lineedit.o)
 .text.input_end
                0x000000000042bdb8       0x64 libbb/lib.a(lineedit.o)
 .text.goto_new_line
                0x000000000042be1c       0x5c libbb/lib.a(lineedit.o)
 .text.beep     0x000000000042be78       0x18 libbb/lib.a(lineedit.o)
 .text.input_backward
                0x000000000042be90      0x108 libbb/lib.a(lineedit.o)
 .text.put_prompt
                0x000000000042bf98       0x84 libbb/lib.a(lineedit.o)
 .text.redraw   0x000000000042c01c       0xac libbb/lib.a(lineedit.o)
 .text.input_delete
                0x000000000042c0c8       0xb8 libbb/lib.a(lineedit.o)
 .text.input_backspace
                0x000000000042c180       0x60 libbb/lib.a(lineedit.o)
 .text.input_forward
                0x000000000042c1e0       0x40 libbb/lib.a(lineedit.o)
 .text.free_tab_completion_data
                0x000000000042c220       0xa8 libbb/lib.a(lineedit.o)
 .text.add_quote_for_spec_chars
                0x000000000042c2c8       0xc0 libbb/lib.a(lineedit.o)
 .text.input_tab
                0x000000000042c388     0x125c libbb/lib.a(lineedit.o)
 .text.save_command_ps_at_cur_history
                0x000000000042d5e4       0x8c libbb/lib.a(lineedit.o)
 .text.get_previous_history
                0x000000000042d670       0x9c libbb/lib.a(lineedit.o)
 .text.get_next_history
                0x000000000042d70c       0xa4 libbb/lib.a(lineedit.o)
 .text.parse_and_put_prompt
                0x000000000042d7b0       0x50 libbb/lib.a(lineedit.o)
 .text.win_changed
                0x000000000042d800       0xdc libbb/lib.a(lineedit.o)
 .text.read_line_input
                0x000000000042d8dc      0xaf0 libbb/lib.a(lineedit.o)
                0x000000000042d8dc                read_line_input
 .text.new_line_input_t
                0x000000000042e3cc       0x44 libbb/lib.a(lineedit.o)
                0x000000000042e3cc                new_line_input_t
 .text.llist_add_to
                0x000000000042e410       0x5c libbb/lib.a(llist.o)
                0x000000000042e410                llist_add_to
 .text.llist_add_to_end
                0x000000000042e46c       0x88 libbb/lib.a(llist.o)
                0x000000000042e46c                llist_add_to_end
 .text.llist_pop
                0x000000000042e4f4       0x70 libbb/lib.a(llist.o)
                0x000000000042e4f4                llist_pop
 .text.sanitize_env_if_suid
                0x000000000042e564       0xa8 libbb/lib.a(login.o)
                0x000000000042e564                sanitize_env_if_suid
 .text.bb_make_directory
                0x000000000042e60c      0x214 libbb/lib.a(make_directory.o)
                0x000000000042e60c                bb_make_directory
 .text.match_fstype
                0x000000000042e820       0xfc libbb/lib.a(match_fstype.o)
                0x000000000042e820                match_fstype
 .text.bb_mode_string
                0x000000000042e91c       0xd4 libbb/lib.a(mode_string.o)
                0x000000000042e91c                bb_mode_string
 .text.config_open2
                0x000000000042e9f0       0x60 libbb/lib.a(parse_config.o)
                0x000000000042e9f0                config_open2
 .text.config_free_data
                0x000000000042ea50       0x48 libbb/lib.a(parse_config.o)
 .text.config_close
                0x000000000042ea98       0x74 libbb/lib.a(parse_config.o)
                0x000000000042ea98                config_close
 .text.config_read
                0x000000000042eb0c      0x2a8 libbb/lib.a(parse_config.o)
                0x000000000042eb0c                config_read
 .text.bb_parse_mode
                0x000000000042edb4      0x2c0 libbb/lib.a(parse_mode.o)
                0x000000000042edb4                bb_parse_mode
 .text.bb_perror_msg
                0x000000000042f074       0x80 libbb/lib.a(perror_msg.o)
                0x000000000042f074                bb_perror_msg
 .text.bb_simple_perror_msg
                0x000000000042f0f4       0x20 libbb/lib.a(perror_msg.o)
                0x000000000042f0f4                bb_simple_perror_msg
 .text.bb_perror_msg_and_die
                0x000000000042f114       0x78 libbb/lib.a(perror_msg_and_die.o)
                0x000000000042f114                bb_perror_msg_and_die
 .text.bb_simple_perror_msg_and_die
                0x000000000042f18c       0x2c libbb/lib.a(perror_msg_and_die.o)
                0x000000000042f18c                bb_simple_perror_msg_and_die
 .text.bb_perror_nomsg_and_die
                0x000000000042f1b8       0x18 libbb/lib.a(perror_nomsg_and_die.o)
                0x000000000042f1b8                bb_perror_nomsg_and_die
 .text.bb_process_escape_sequence
                0x000000000042f1d0       0xf4 libbb/lib.a(process_escape_sequence.o)
                0x000000000042f1d0                bb_process_escape_sequence
 .text.get_cached
                0x000000000042f2c4       0xd8 libbb/lib.a(procps.o)
 .text.get_cached_username
                0x000000000042f39c       0x28 libbb/lib.a(procps.o)
                0x000000000042f39c                get_cached_username
 .text.get_cached_groupname
                0x000000000042f3c4       0x28 libbb/lib.a(procps.o)
                0x000000000042f3c4                get_cached_groupname
 .text.read_to_buf
                0x000000000042f3ec       0xa4 libbb/lib.a(procps.o)
 .text.free_procps_scan
                0x000000000042f490       0x60 libbb/lib.a(procps.o)
                0x000000000042f490                free_procps_scan
 .text.procps_scan
                0x000000000042f4f0      0x440 libbb/lib.a(procps.o)
                0x000000000042f4f0                procps_scan
 .text.read_cmdline
                0x000000000042f930       0xdc libbb/lib.a(procps.o)
                0x000000000042f930                read_cmdline
 .text.safe_read
                0x000000000042fa0c       0x80 libbb/lib.a(read.o)
                0x000000000042fa0c                safe_read
 .text.nonblock_safe_read
                0x000000000042fa8c       0xac libbb/lib.a(read.o)
                0x000000000042fa8c                nonblock_safe_read
 .text.full_read
                0x000000000042fb38       0x98 libbb/lib.a(read.o)
                0x000000000042fb38                full_read
 .text.xread    0x000000000042fbd0       0x5c libbb/lib.a(read.o)
                0x000000000042fbd0                xread
 .text.read_close
                0x000000000042fc2c       0x5c libbb/lib.a(read.o)
                0x000000000042fc2c                read_close
 .text.open_read_close
                0x000000000042fc88       0x74 libbb/lib.a(read.o)
                0x000000000042fc88                open_read_close
 .text.true_action
                0x000000000042fcfc        0x8 libbb/lib.a(recursive_action.o)
 .text.recursive_action
                0x000000000042fd04      0x25c libbb/lib.a(recursive_action.o)
                0x000000000042fd04                recursive_action
 .text.remove_file
                0x000000000042ff60      0x34c libbb/lib.a(remove_file.o)
                0x000000000042ff60                remove_file
 .text.safe_gethostname
                0x00000000004302ac       0x5c libbb/lib.a(safe_gethostname.o)
                0x00000000004302ac                safe_gethostname
 .text.safe_poll
                0x0000000000430308       0xb0 libbb/lib.a(safe_poll.o)
                0x0000000000430308                safe_poll
 .text.safe_strncpy
                0x00000000004303b8       0x30 libbb/lib.a(safe_strncpy.o)
                0x00000000004303b8                safe_strncpy
 .text.overlapping_strcpy
                0x00000000004303e8       0x20 libbb/lib.a(safe_strncpy.o)
                0x00000000004303e8                overlapping_strcpy
 .text.record_signo
                0x0000000000430408       0x18 libbb/lib.a(signals.o)
                0x0000000000430408                record_signo
 .text.sigaction_set
                0x0000000000430420       0x18 libbb/lib.a(signals.o)
                0x0000000000430420                sigaction_set
 .text.sigprocmask_allsigs
                0x0000000000430438       0x58 libbb/lib.a(signals.o)
                0x0000000000430438                sigprocmask_allsigs
 .text.bb_signals
                0x0000000000430490       0x8c libbb/lib.a(signals.o)
                0x0000000000430490                bb_signals
 .text.sig_unblock
                0x000000000043051c       0x6c libbb/lib.a(signals.o)
                0x000000000043051c                sig_unblock
 .text.kill_myself_with_sig
                0x0000000000430588       0x5c libbb/lib.a(signals.o)
                0x0000000000430588                kill_myself_with_sig
 .text.bb_simplify_path
                0x00000000004305e4      0x160 libbb/lib.a(simplify_path.o)
                0x00000000004305e4                bb_simplify_path
 .text.skip_whitespace
                0x0000000000430744       0x54 libbb/lib.a(skip_whitespace.o)
                0x0000000000430744                skip_whitespace
 .text.monotonic_us
                0x0000000000430798       0x74 libbb/lib.a(time.o)
                0x0000000000430798                monotonic_us
 .text.monotonic_sec
                0x000000000043080c       0x18 libbb/lib.a(time.o)
                0x000000000043080c                monotonic_sec
 .text.get_signum
                0x0000000000430824       0xd0 libbb/lib.a(u_signal_names.o)
                0x0000000000430824                get_signum
 .text.get_signame
                0x00000000004308f4       0x48 libbb/lib.a(u_signal_names.o)
                0x00000000004308f4                get_signame
 .text.print_signames
                0x000000000043093c       0x70 libbb/lib.a(u_signal_names.o)
                0x000000000043093c                print_signames
 .text.bb_verror_msg
                0x00000000004309ac      0x260 libbb/lib.a(verror_msg.o)
                0x00000000004309ac                bb_verror_msg
 .text.safe_waitpid
                0x0000000000430c0c       0x84 libbb/lib.a(vfork_daemon_rexec.o)
                0x0000000000430c0c                safe_waitpid
 .text.wait_any_nohang
                0x0000000000430c90       0x20 libbb/lib.a(vfork_daemon_rexec.o)
                0x0000000000430c90                wait_any_nohang
 .text.forkexit_or_rexec
                0x0000000000430cb0       0x60 libbb/lib.a(vfork_daemon_rexec.o)
                0x0000000000430cb0                forkexit_or_rexec
 .text.bb_daemonize_or_rexec
                0x0000000000430d10      0x184 libbb/lib.a(vfork_daemon_rexec.o)
                0x0000000000430d10                bb_daemonize_or_rexec
 .text.bb_sanitize_stdio
                0x0000000000430e94       0x18 libbb/lib.a(vfork_daemon_rexec.o)
                0x0000000000430e94                bb_sanitize_stdio
 .text.fopen_or_warn
                0x0000000000430eac       0x70 libbb/lib.a(wfopen.o)
                0x0000000000430eac                fopen_or_warn
 .text.fopen_for_read
                0x0000000000430f1c       0x1c libbb/lib.a(wfopen.o)
                0x0000000000430f1c                fopen_for_read
 .text.xfopen_for_read
                0x0000000000430f38       0x1c libbb/lib.a(wfopen.o)
                0x0000000000430f38                xfopen_for_read
 .text.fopen_or_warn_stdin
                0x0000000000430f54       0x6c libbb/lib.a(wfopen_input.o)
                0x0000000000430f54                fopen_or_warn_stdin
 .text.xfopen_stdin
                0x0000000000430fc0       0x48 libbb/lib.a(wfopen_input.o)
                0x0000000000430fc0                xfopen_stdin
 .text.open_or_warn_stdin
                0x0000000000431008       0x64 libbb/lib.a(wfopen_input.o)
                0x0000000000431008                open_or_warn_stdin
 .text.xstrtoul_range_sfx
                0x000000000043106c      0x1ac libbb/lib.a(xatonum.o)
                0x000000000043106c                xstrtoul_range_sfx
 .text.xstrtol_range_sfx
                0x0000000000431218       0xec libbb/lib.a(xatonum.o)
                0x0000000000431218                xstrtol_range_sfx
 .text.xatol_range
                0x0000000000431304       0x40 libbb/lib.a(xatonum.o)
                0x0000000000431304                xatol_range
 .text.xatoul_sfx
                0x0000000000431344       0x40 libbb/lib.a(xatonum.o)
                0x0000000000431344                xatoul_sfx
 .text.xatoul   0x0000000000431384       0x18 libbb/lib.a(xatonum.o)
                0x0000000000431384                xatoul
 .text.xatoul_range
                0x000000000043139c       0x40 libbb/lib.a(xatonum.o)
                0x000000000043139c                xatoul_range
 .text.xatoi_u  0x00000000004313dc       0x20 libbb/lib.a(xatonum.o)
                0x00000000004313dc                xatoi_u
 .text.xatou16  0x00000000004313fc       0x3c libbb/lib.a(xatonum.o)
                0x00000000004313fc                xatou16
 .text.setsockopt_broadcast
                0x0000000000431438       0x44 libbb/lib.a(xconnect.o)
                0x0000000000431438                setsockopt_broadcast
 .text.setsockopt_bindtodevice
                0x000000000043147c       0x9c libbb/lib.a(xconnect.o)
                0x000000000043147c                setsockopt_bindtodevice
 .text.set_nport
                0x0000000000431518       0x1c libbb/lib.a(xconnect.o)
                0x0000000000431518                set_nport
 .text.str2sockaddr
                0x0000000000431534      0x224 libbb/lib.a(xconnect.o)
 .text.host2sockaddr
                0x0000000000431758       0x1c libbb/lib.a(xconnect.o)
                0x0000000000431758                host2sockaddr
 .text.xhost2sockaddr
                0x0000000000431774       0x1c libbb/lib.a(xconnect.o)
                0x0000000000431774                xhost2sockaddr
 .text.xdotted2sockaddr
                0x0000000000431790       0x1c libbb/lib.a(xconnect.o)
                0x0000000000431790                xdotted2sockaddr
 .text.sockaddr2str
                0x00000000004317ac       0xbc libbb/lib.a(xconnect.o)
 .text.xmalloc_sockaddr2dotted_noport
                0x0000000000431868       0x1c libbb/lib.a(xconnect.o)
                0x0000000000431868                xmalloc_sockaddr2dotted_noport
 .text.close_on_exec_on
                0x0000000000431884       0x1c libbb/lib.a(xfuncs.o)
                0x0000000000431884                close_on_exec_on
 .text.smart_ulltoa5
                0x00000000004318a0      0x308 libbb/lib.a(xfuncs.o)
                0x00000000004318a0                smart_ulltoa5
 .text.utoa_to_buf
                0x0000000000431ba8       0x88 libbb/lib.a(xfuncs.o)
                0x0000000000431ba8                utoa_to_buf
 .text.itoa_to_buf
                0x0000000000431c30       0x38 libbb/lib.a(xfuncs.o)
                0x0000000000431c30                itoa_to_buf
 .text.utoa     0x0000000000431c68       0x4c libbb/lib.a(xfuncs.o)
                0x0000000000431c68                utoa
 .text.itoa     0x0000000000431cb4       0x4c libbb/lib.a(xfuncs.o)
                0x0000000000431cb4                itoa
 .text.get_terminal_width_height
                0x0000000000431d00      0x138 libbb/lib.a(xfuncs.o)
                0x0000000000431d00                get_terminal_width_height
 .text.tcsetattr_stdin_TCSANOW
                0x0000000000431e38       0x20 libbb/lib.a(xfuncs.o)
                0x0000000000431e38                tcsetattr_stdin_TCSANOW
 .text.malloc_or_warn
                0x0000000000431e58       0x6c libbb/lib.a(xfuncs_printf.o)
                0x0000000000431e58                malloc_or_warn
 .text.xmalloc  0x0000000000431ec4       0x5c libbb/lib.a(xfuncs_printf.o)
                0x0000000000431ec4                xmalloc
 .text.xrealloc
                0x0000000000431f20       0x5c libbb/lib.a(xfuncs_printf.o)
                0x0000000000431f20                xrealloc
 .text.xzalloc  0x0000000000431f7c       0x64 libbb/lib.a(xfuncs_printf.o)
                0x0000000000431f7c                xzalloc
 .text.xstrdup  0x0000000000431fe0       0x54 libbb/lib.a(xfuncs_printf.o)
                0x0000000000431fe0                xstrdup
 .text.xstrndup
                0x0000000000432034       0x88 libbb/lib.a(xfuncs_printf.o)
                0x0000000000432034                xstrndup
 .text.xfopen   0x00000000004320bc       0x54 libbb/lib.a(xfuncs_printf.o)
                0x00000000004320bc                xfopen
 .text.xopen3   0x0000000000432110       0x54 libbb/lib.a(xfuncs_printf.o)
                0x0000000000432110                xopen3
 .text.xopen    0x0000000000432164       0x18 libbb/lib.a(xfuncs_printf.o)
                0x0000000000432164                xopen
 .text.open3_or_warn
                0x000000000043217c       0x6c libbb/lib.a(xfuncs_printf.o)
                0x000000000043217c                open3_or_warn
 .text.open_or_warn
                0x00000000004321e8       0x18 libbb/lib.a(xfuncs_printf.o)
                0x00000000004321e8                open_or_warn
 .text.xunlink  0x0000000000432200       0x54 libbb/lib.a(xfuncs_printf.o)
                0x0000000000432200                xunlink
 .text.xdup2    0x0000000000432254       0x54 libbb/lib.a(xfuncs_printf.o)
                0x0000000000432254                xdup2
 .text.xmove_fd
                0x00000000004322a8       0x5c libbb/lib.a(xfuncs_printf.o)
                0x00000000004322a8                xmove_fd
 .text.xwrite   0x0000000000432304       0x5c libbb/lib.a(xfuncs_printf.o)
                0x0000000000432304                xwrite
 .text.xlseek   0x0000000000432360       0x78 libbb/lib.a(xfuncs_printf.o)
                0x0000000000432360                xlseek
 .text.die_if_ferror
                0x00000000004323d8       0x54 libbb/lib.a(xfuncs_printf.o)
                0x00000000004323d8                die_if_ferror
 .text.die_if_ferror_stdout
                0x000000000043242c       0x24 libbb/lib.a(xfuncs_printf.o)
                0x000000000043242c                die_if_ferror_stdout
 .text.bb_putchar
                0x0000000000432450       0x78 libbb/lib.a(xfuncs_printf.o)
                0x0000000000432450                bb_putchar
 .text.xasprintf
                0x00000000004324c8       0x68 libbb/lib.a(xfuncs_printf.o)
                0x00000000004324c8                xasprintf
 .text.xsetenv  0x0000000000432530       0x4c libbb/lib.a(xfuncs_printf.o)
                0x0000000000432530                xsetenv
 .text.xsetuid  0x000000000043257c       0x4c libbb/lib.a(xfuncs_printf.o)
                0x000000000043257c                xsetuid
 .text.xchdir   0x00000000004325c8       0x54 libbb/lib.a(xfuncs_printf.o)
                0x00000000004325c8                xchdir
 .text.warn_opendir
                0x000000000043261c       0x6c libbb/lib.a(xfuncs_printf.o)
                0x000000000043261c                warn_opendir
 .text.xopendir
                0x0000000000432688       0x54 libbb/lib.a(xfuncs_printf.o)
                0x0000000000432688                xopendir
 .text.xsocket  0x00000000004326dc       0x4c libbb/lib.a(xfuncs_printf.o)
                0x00000000004326dc                xsocket
 .text.xbind    0x0000000000432728       0x4c libbb/lib.a(xfuncs_printf.o)
                0x0000000000432728                xbind
 .text.xsendto  0x0000000000432774       0x58 libbb/lib.a(xfuncs_printf.o)
                0x0000000000432774                xsendto
 .text.xstat    0x00000000004327cc       0x54 libbb/lib.a(xfuncs_printf.o)
                0x00000000004327cc                xstat
 .text.ioctl_or_perror_and_die
                0x0000000000432820       0x84 libbb/lib.a(xfuncs_printf.o)
                0x0000000000432820                ioctl_or_perror_and_die
 .text.bb_ioctl_or_warn
                0x00000000004328a4       0x64 libbb/lib.a(xfuncs_printf.o)
                0x00000000004328a4                bb_ioctl_or_warn
 .text.bb_xioctl
                0x0000000000432908       0x50 libbb/lib.a(xfuncs_printf.o)
                0x0000000000432908                bb_xioctl
 .text.xrealloc_getcwd_or_warn
                0x0000000000432958       0xec libbb/lib.a(xgetcwd.o)
                0x0000000000432958                xrealloc_getcwd_or_warn
 .text.xgethostbyname
                0x0000000000432a44       0x54 libbb/lib.a(xgethostbyname.o)
                0x0000000000432a44                xgethostbyname
 .text.xmalloc_readlink
                0x0000000000432a98       0xc0 libbb/lib.a(xreadlink.o)
                0x0000000000432a98                xmalloc_readlink
 .text.xmalloc_follow_symlinks
                0x0000000000432b58      0x17c libbb/lib.a(xreadlink.o)
                0x0000000000432b58                xmalloc_follow_symlinks
 .text.xmalloc_readlink_or_warn
                0x0000000000432cd4       0x6c libbb/lib.a(xreadlink.o)
                0x0000000000432cd4                xmalloc_readlink_or_warn
 .text.xrealloc_vector_helper
                0x0000000000432d40       0xb4 libbb/lib.a(xrealloc_vector.o)
                0x0000000000432d40                xrealloc_vector_helper
 .text.regcomp_or_errmsg
                0x0000000000432df4       0xb8 libbb/lib.a(xregcomp.o)
                0x0000000000432df4                regcomp_or_errmsg
 .text.xregcomp
                0x0000000000432eac       0x58 libbb/lib.a(xregcomp.o)
                0x0000000000432eac                xregcomp
 .text.bb_ask_confirmation
                0x0000000000432f04       0xec libbb/lib.a(ask_confirmation.o)
                0x0000000000432f04                bb_ask_confirmation
 .text.bb_getug
                0x0000000000432ff0       0xa0 libbb/lib.a(bb_pwd.o)
 .text.bb_getpwuid
                0x0000000000433090       0x88 libbb/lib.a(bb_pwd.o)
                0x0000000000433090                bb_getpwuid
 .text.bb_getgrgid
                0x0000000000433118       0x88 libbb/lib.a(bb_pwd.o)
                0x0000000000433118                bb_getgrgid
 .text.bb_pstrcmp
                0x00000000004331a0       0x20 libbb/lib.a(bb_qsort.o)
                0x00000000004331a0                bb_pstrcmp
 .text.qsort_string_vector
                0x00000000004331c0       0x1c libbb/lib.a(bb_qsort.o)
                0x00000000004331c0                qsort_string_vector
 .text.concat_subpath_file
                0x00000000004331dc       0x5c libbb/lib.a(concat_subpath_file.o)
                0x00000000004331dc                concat_subpath_file
 .text.bb_herror_msg_and_die
                0x0000000000433238       0x70 libbb/lib.a(herror_msg_and_die.o)
                0x0000000000433238                bb_herror_msg_and_die
 *(SORT(.text.*personality*))
 *(SORT(.gnu.warning))
 *(SORT(.mips16.fn.*))
 *(SORT(.mips16.call.*))

.MIPS.stubs     0x00000000004332a8      0xd10
 .MIPS.stubs    0x00000000004332a8      0xd10 /mnt/sdb/netcore_1.3_spi/sdk-store/rtl819x-sdk-v2.5/rtl819x/toolchain/rsdk-1.3.6-5281-EB-2.6.30-0.9.30/lib/crt1.o
                0x00000000004332a8                longjmp
                0x00000000004332b8                chroot
                0x00000000004332c8                strcpy
                0x00000000004332d8                unsetenv
                0x00000000004332e8                waitpid
                0x00000000004332f8                getrlimit
                0x0000000000433308                pause
                0x0000000000433318                ioctl
                0x0000000000433328                getgid
                0x0000000000433338                sysconf
                0x0000000000433348                printf
                0x0000000000433358                utime
                0x0000000000433368                connect
                0x0000000000433378                sigemptyset
                0x0000000000433388                shmctl
                0x0000000000433398                strerror
                0x00000000004333a8                geteuid
                0x00000000004333b8                inet_pton
                0x00000000004333c8                memmove
                0x00000000004333d8                snprintf
                0x00000000004333e8                mknod
                0x00000000004333f8                getgrgid
                0x0000000000433408                times
                0x0000000000433418                getenv
                0x0000000000433428                getegid
                0x0000000000433438                setpriority
                0x0000000000433448                getpriority
                0x0000000000433458                bsearch
                0x0000000000433468                execve
                0x0000000000433478                semget
                0x0000000000433488                getpagesize
                0x0000000000433498                getpid
                0x00000000004334a8                qsort
                0x00000000004334b8                fscanf
                0x00000000004334c8                fgets
                0x00000000004334d8                shmat
                0x00000000004334e8                memcpy
                0x00000000004334f8                readlink
                0x0000000000433508                puts
                0x0000000000433518                dup2
                0x0000000000433528                getuid
                0x0000000000433538                semctl
                0x0000000000433548                feof
                0x0000000000433558                malloc
                0x0000000000433568                isatty
                0x0000000000433578                sleep
                0x0000000000433588                sysinfo
                0x0000000000433598                strtoll
                0x00000000004335a8                vsnprintf
                0x00000000004335b8                recvfrom
                0x00000000004335c8                strtoul
                0x00000000004335d8                gethostbyaddr
                0x00000000004335e8                rmdir
                0x00000000004335f8                socket
                0x0000000000433608                readdir
                0x0000000000433618                lchown
                0x0000000000433628                isspace
                0x0000000000433638                fflush
                0x0000000000433648                ftruncate
                0x0000000000433658                realpath
                0x0000000000433668                putenv
                0x0000000000433678                lseek
                0x0000000000433688                sigaddset
                0x0000000000433698                chown
                0x00000000004336a8                strncasecmp
                0x00000000004336b8                setpgid
                0x00000000004336c8                freeaddrinfo
                0x00000000004336d8                __fgetc_unlocked
                0x00000000004336e8                chmod
                0x00000000004336f8                getnameinfo
                0x0000000000433708                isxdigit
                0x0000000000433718                alarm
                0x0000000000433728                strtol
                0x0000000000433738                pipe
                0x0000000000433748                getpgrp
                0x0000000000433758                uname
                0x0000000000433768                rename
                0x0000000000433778                strrchr
                0x0000000000433788                setrlimit
                0x0000000000433798                strtod
                0x00000000004337a8                write
                0x00000000004337b8                fstat
                0x00000000004337c8                fprintf
                0x00000000004337d8                kill
                0x00000000004337e8                ctime
                0x00000000004337f8                strcat
                0x0000000000433808                bind
                0x0000000000433818                getmntent_r
                0x0000000000433828                vprintf
                0x0000000000433838                umount2
                0x0000000000433848                if_nametoindex
                0x0000000000433858                reboot
                0x0000000000433868                chdir
                0x0000000000433878                shmdt
                0x0000000000433888                setsockopt
                0x0000000000433898                shmget
                0x00000000004338a8                wait
                0x00000000004338b8                umask
                0x00000000004338c8                dprintf
                0x00000000004338d8                mktime
                0x00000000004338e8                ferror
                0x00000000004338f8                setgid
                0x0000000000433908                signal
                0x0000000000433918                read
                0x0000000000433928                openlog
                0x0000000000433938                closelog
                0x0000000000433948                strncmp
                0x0000000000433958                sethostname
                0x0000000000433968                strncpy
                0x0000000000433978                unlink
                0x0000000000433988                sync
                0x0000000000433998                setenv
                0x00000000004339a8                strcasecmp
                0x00000000004339b8                sendto
                0x00000000004339c8                realloc
                0x00000000004339d8                __udivdi3@@GLIBC_2.0
                0x00000000004339e8                strtok
                0x00000000004339f8                sigfillset
                0x0000000000433a08                memcmp
                0x0000000000433a18                listen
                0x0000000000433a28                fork
                0x0000000000433a38                sscanf
                0x0000000000433a48                setmntent
                0x0000000000433a58                isalpha
                0x0000000000433a68                sigaction
                0x0000000000433a78                endmntent
                0x0000000000433a88                killpg
                0x0000000000433a98                __uClibc_main
                0x0000000000433aa8                strdup
                0x0000000000433ab8                inet_aton
                0x0000000000433ac8                strtoull
                0x0000000000433ad8                regcomp
                0x0000000000433ae8                gettimeofday
                0x0000000000433af8                fopen
                0x0000000000433b08                getopt
                0x0000000000433b18                localtime
                0x0000000000433b28                memset
                0x0000000000433b38                fnmatch
                0x0000000000433b48                clearerr
                0x0000000000433b58                fclose
                0x0000000000433b68                inet_ntoa
                0x0000000000433b78                getppid
                0x0000000000433b88                tcgetattr
                0x0000000000433b98                regexec
                0x0000000000433ba8                time
                0x0000000000433bb8                opendir
                0x0000000000433bc8                getgroups
                0x0000000000433bd8                poll
                0x0000000000433be8                syslog
                0x0000000000433bf8                isalnum
                0x0000000000433c08                mount
                0x0000000000433c18                strcmp
                0x0000000000433c28                getpwuid
                0x0000000000433c38                __h_errno_location
                0x0000000000433c48                dup
                0x0000000000433c58                getcwd
                0x0000000000433c68                gethostbyname
                0x0000000000433c78                strsignal
                0x0000000000433c88                getpwnam
                0x0000000000433c98                getservbyname
                0x0000000000433ca8                fgetc
                0x0000000000433cb8                sprintf
                0x0000000000433cc8                strcspn
                0x0000000000433cd8                regerror
                0x0000000000433ce8                umount
                0x0000000000433cf8                vfork
                0x0000000000433d08                strsep
                0x0000000000433d18                fputc
                0x0000000000433d28                hstrerror
                0x0000000000433d38                getaddrinfo
                0x0000000000433d48                strftime
                0x0000000000433d58                access
                0x0000000000433d68                strptime
                0x0000000000433d78                tcgetpgrp
                0x0000000000433d88                __errno_location
                0x0000000000433d98                semop
                0x0000000000433da8                exit
                0x0000000000433db8                stime
                0x0000000000433dc8                klogctl
                0x0000000000433dd8                inet_ntop
                0x0000000000433de8                getgrnam
                0x0000000000433df8                atoi
                0x0000000000433e08                fileno
                0x0000000000433e18                _setjmp
                0x0000000000433e28                _exit
                0x0000000000433e38                strspn
                0x0000000000433e48                strlen
                0x0000000000433e58                open
                0x0000000000433e68                strchr
                0x0000000000433e78                fputs
                0x0000000000433e88                execvp
                0x0000000000433e98                setsid
                0x0000000000433ea8                closedir
                0x0000000000433eb8                vasprintf
                0x0000000000433ec8                strchrnul
                0x0000000000433ed8                fcntl
                0x0000000000433ee8                setuid
                0x0000000000433ef8                tcsetattr
                0x0000000000433f08                mkdir
                0x0000000000433f18                close
                0x0000000000433f28                vfprintf
                0x0000000000433f38                strpbrk
                0x0000000000433f48                tcsetpgrp
                0x0000000000433f58                sigsuspend
                0x0000000000433f68                raise
                0x0000000000433f78                free
                0x0000000000433f88                sigprocmask
                0x0000000000433f98                __fputc_unlocked

.fini           0x0000000000433fb8       0x50
 *(SORT(.fini))
 .fini          0x0000000000433fb8       0x1c /mnt/sdb/netcore_1.3_spi/sdk-store/rtl819x-sdk-v2.5/rtl819x/toolchain/rsdk-1.3.6-5281-EB-2.6.30-0.9.30/lib/crti.o
                0x0000000000433fb8                _fini
 .fini          0x0000000000433fd4        0xc /mnt/sdb/netcore_1.3_spi/sdk-store/rtl819x-sdk-v2.5/rtl819x/toolchain/rsdk-1.3.6-5281-EB-2.6.30-0.9.30/lib/crtn.o
 .fini          0x0000000000433fe0       0x28 /mnt/sdb/netcore_1.3_spi/sdk-store/rtl819x-sdk-v2.5/rtl819x/toolchain/rsdk-1.3.6-5281-EB-2.6.30-0.9.30/lib/crtbeginS.o
                0x0000000000434008                PROVIDE (__etext, .)
                0x0000000000434008                PROVIDE (_etext, .)
                0x0000000000434008                PROVIDE (etext, .)

.rodata         0x0000000000434010     0x4284
 *(SORT(.rodata) .rodata.* .gnu.linkonce.r.*)
 .rodata        0x0000000000434010      0x230 libbb/lib.a(appletlib.o)
 .rodata        0x0000000000434240       0x20 networking/lib.a(hostname.o)
 .rodata        0x0000000000434260      0x140 networking/lib.a(ifconfig.o)
 .rodata        0x00000000004343a0      0x400 networking/lib.a(interface.o)
 .rodata        0x00000000004347a0      0x2f0 networking/lib.a(ping.o)
 .rodata        0x0000000000434a90      0x1d0 networking/lib.a(route.o)
 .rodata        0x0000000000434c60       0x10 networking/libiproute/lib.a(ip_parse_common_args.o)
 .rodata        0x0000000000434c70      0x380 networking/libiproute/lib.a(iptunnel.o)
 .rodata        0x0000000000434ff0      0x120 networking/libiproute/lib.a(rt_names.o)
 .rodata        0x0000000000435110      0x120 networking/libiproute/lib.a(utils.o)
 .rodata        0x0000000000435230       0xa0 procps/lib.a(free.o)
 .rodata        0x00000000004352d0       0xb0 procps/lib.a(kill.o)
 .rodata        0x0000000000435380       0x50 procps/lib.a(ps.o)
 .rodata        0x00000000004353d0       0x20 procps/lib.a(renice.o)
 .rodata        0x00000000004353f0      0xd30 shell/lib.a(ash.o)
 .rodata        0x0000000000436120       0x60 sysklogd/lib.a(klogd.o)
 .rodata        0x0000000000436180      0x200 sysklogd/lib.a(syslogd_and_logger.o)
 .rodata        0x0000000000436380      0x130 util-linux/lib.a(mount.o)
 .rodata        0x00000000004364b0       0x70 util-linux/lib.a(umount.o)
 .rodata        0x0000000000436520       0x70 archival/lib.a(bbunzip.o)
 .rodata        0x0000000000436590       0x40 archival/libunarchive/lib.a(decompress_bunzip2.o)
 .rodata        0x00000000004365d0       0x10 coreutils/lib.a(cat.o)
 .rodata        0x00000000004365e0       0x30 coreutils/lib.a(cp.o)
 .rodata        0x0000000000436610       0xf0 coreutils/lib.a(cut.o)
 .rodata        0x0000000000436700       0xf0 coreutils/lib.a(date.o)
 .rodata        0x00000000004367f0       0x10 coreutils/lib.a(echo.o)
 .rodata        0x0000000000436800      0x130 coreutils/lib.a(expr.o)
 .rodata        0x0000000000436930       0x10 coreutils/lib.a(head.o)
 .rodata        0x0000000000436940       0x20 coreutils/lib.a(ln.o)
 .rodata        0x0000000000436960       0xa0 coreutils/lib.a(ls.o)
 .rodata        0x0000000000436a00       0x20 coreutils/lib.a(mkdir.o)
 .rodata        0x0000000000436a20       0x70 coreutils/lib.a(printf.o)
 .rodata        0x0000000000436a90       0x30 coreutils/lib.a(rm.o)
 .rodata        0x0000000000436ac0       0x20 coreutils/lib.a(tail.o)
 .rodata        0x0000000000436ae0       0x80 coreutils/lib.a(test.o)
 .rodata        0x0000000000436b60       0x30 coreutils/lib.a(wc.o)
 .rodata        0x0000000000436b90       0x20 coreutils/libcoreutils/lib.a(cp_mv_stat.o)
 .rodata        0x0000000000436bb0       0x60 findutils/lib.a(grep.o)
 .rodata        0x0000000000436c10       0x20 init/lib.a(halt.o)
 .rodata        0x0000000000436c30      0x280 init/lib.a(init.o)
 .rodata        0x0000000000436eb0       0x10 libbb/lib.a(concat_path_file.o)
 .rodata        0x0000000000436ec0      0x190 libbb/lib.a(copy_file.o)
 .rodata        0x0000000000437050       0x10 libbb/lib.a(getopt32.o)
 .rodata        0x0000000000437060       0x10 libbb/lib.a(inet_common.o)
 .rodata        0x0000000000437070       0x10 libbb/lib.a(inode_hash.o)
 .rodata        0x0000000000437080       0x60 libbb/lib.a(lineedit.o)
 .rodata        0x00000000004370e0       0x40 libbb/lib.a(make_directory.o)
 .rodata        0x0000000000437120       0x30 libbb/lib.a(parse_config.o)
 .rodata        0x0000000000437150       0x10 libbb/lib.a(perror_msg.o)
 .rodata        0x0000000000437160       0x10 libbb/lib.a(perror_msg_and_die.o)
 .rodata        0x0000000000437170       0xa0 libbb/lib.a(procps.o)
 .rodata        0x0000000000437210       0x40 libbb/lib.a(read.o)
 .rodata        0x0000000000437250       0xb0 libbb/lib.a(remove_file.o)
 .rodata        0x0000000000437300       0x10 libbb/lib.a(safe_gethostname.o)
 .rodata        0x0000000000437310       0x10 libbb/lib.a(safe_poll.o)
 .rodata        0x0000000000437320       0x10 libbb/lib.a(u_signal_names.o)
 .rodata        0x0000000000437330       0x10 libbb/lib.a(verror_msg.o)
 .rodata        0x0000000000437340       0x10 libbb/lib.a(vfork_daemon_rexec.o)
 .rodata        0x0000000000437350       0x10 libbb/lib.a(wfopen.o)
 .rodata        0x0000000000437360       0x10 libbb/lib.a(wfopen_input.o)
 .rodata        0x0000000000437370       0x90 libbb/lib.a(xatonum.o)
 .rodata        0x0000000000437400       0x80 libbb/lib.a(xconnect.o)
 .rodata        0x0000000000437480       0x30 libbb/lib.a(xfuncs.o)
 .rodata        0x00000000004374b0      0x130 libbb/lib.a(xfuncs_printf.o)
 .rodata        0x00000000004375e0       0x10 libbb/lib.a(xgetcwd.o)
 .rodata        0x00000000004375f0       0x10 libbb/lib.a(xgethostbyname.o)
 .rodata        0x0000000000437600       0x30 libbb/lib.a(xreadlink.o)
 .rodata        0x0000000000437630       0x20 libbb/lib.a(xregcomp.o)
 .rodata        0x0000000000437650       0x40 libbb/lib.a(bb_pwd.o)
 .rodata.applet_nameofs
                0x0000000000437690       0x4e libbb/lib.a(appletlib.o)
                0x0000000000437690                applet_nameofs
 .rodata.applet_names
                0x00000000004376de       0xd3 libbb/lib.a(appletlib.o)
                0x00000000004376de                applet_names
 *fill*         0x00000000004377b1        0x3 00
 .rodata.const_int_0
                0x00000000004377b4        0x4 libbb/lib.a(messages.o)
                0x00000000004377b4                const_int_0
 .rodata.const_int_1
                0x00000000004377b8        0x4 libbb/lib.a(messages.o)
                0x00000000004377b8                const_int_1
 .rodata.bb_PATH_root_path
                0x00000000004377bc       0x23 libbb/lib.a(messages.o)
                0x00000000004377bc                bb_PATH_root_path
 .rodata.bb_default_login_shell
                0x00000000004377df        0x9 libbb/lib.a(messages.o)
                0x00000000004377df                bb_default_login_shell
 .rodata.bb_busybox_exec_path
                0x00000000004377e8        0x1 libbb/lib.a(messages.o)
                0x00000000004377e8                bb_busybox_exec_path
 .rodata.bb_dev_null
                0x00000000004377e9        0xa libbb/lib.a(messages.o)
                0x00000000004377e9                bb_dev_null
 .rodata.bb_str_default
                0x00000000004377f3        0x8 libbb/lib.a(messages.o)
                0x00000000004377f3                bb_str_default
 .rodata.bb_msg_standard_output
                0x00000000004377fb       0x10 libbb/lib.a(messages.o)
                0x00000000004377fb                bb_msg_standard_output
 .rodata.bb_msg_standard_input
                0x000000000043780b        0xf libbb/lib.a(messages.o)
                0x000000000043780b                bb_msg_standard_input
 .rodata.bb_msg_invalid_arg
                0x000000000043781a       0x1e libbb/lib.a(messages.o)
                0x000000000043781a                bb_msg_invalid_arg
 .rodata.bb_msg_requires_arg
                0x0000000000437838       0x18 libbb/lib.a(messages.o)
                0x0000000000437838                bb_msg_requires_arg
 .rodata.bb_msg_perm_denied_are_you_root
                0x0000000000437850       0x23 libbb/lib.a(messages.o)
                0x0000000000437850                bb_msg_perm_denied_are_you_root
 .rodata.bb_msg_can_not_create_raw_socket
                0x0000000000437873       0x18 libbb/lib.a(messages.o)
                0x0000000000437873                bb_msg_can_not_create_raw_socket
 .rodata.bb_msg_read_error
                0x000000000043788b        0xb libbb/lib.a(messages.o)
                0x000000000043788b                bb_msg_read_error
 .rodata.bb_msg_write_error
                0x0000000000437896        0xc libbb/lib.a(messages.o)
                0x0000000000437896                bb_msg_write_error
 .rodata.bb_msg_invalid_date
                0x00000000004378a2       0x12 libbb/lib.a(messages.o)
                0x00000000004378a2                bb_msg_invalid_date
 .rodata.bb_msg_memory_exhausted
                0x00000000004378b4       0x11 libbb/lib.a(messages.o)
                0x00000000004378b4                bb_msg_memory_exhausted
 .rodata.bb_banner
                0x00000000004378c5       0x2a libbb/lib.a(messages.o)
                0x00000000004378c5                bb_banner
 .rodata.TRext  0x00000000004378ef        0xf networking/lib.a(interface.o)